#
# There is insufficient memory for the Java Runtime Environment to continue.
# Native memory allocation (mmap) failed to map 65536 bytes. Error detail: Failed to commit metaspace.
# Possible reasons:
#   The system is out of physical RAM or swap space
#   This process is running with CompressedOops enabled, and the Java Heap may be blocking the growth of the native heap
# Possible solutions:
#   Reduce memory load on the system
#   Increase physical memory or swap space
#   Check if swap backing store is full
#   Decrease Java heap size (-Xmx/-Xms)
#   Decrease number of Java threads
#   Decrease Java thread stack sizes (-Xss)
#   Set larger code cache with -XX:ReservedCodeCacheSize=
#   JVM is running with Zero Based Compressed Oops mode in which the Java heap is
#     placed in the first 32GB address space. The Java Heap base address is the
#     maximum limit for the native heap growth. Please use -XX:HeapBaseMinAddress
#     to set the Java Heap base and to place the Java Heap above 32GB virtual address.
# This output file may be truncated or incomplete.
#
#  Out of Memory Error (virtualSpaceNode.cpp:113), pid=2312, tid=9112
#
# JRE version: OpenJDK Runtime Environment (21.0.5) (build 21.0.5+-13047016-b750.29)
# Java VM: OpenJDK 64-Bit Server VM (21.0.5+-13047016-b750.29, mixed mode, tiered, compressed oops, compressed class ptrs, g1 gc, windows-amd64)
# No core dump will be written. Minidumps are not enabled by default on client versions of Windows
#

---------------  S U M M A R Y ------------

Command Line: -Dapplication.home=E:\LapTrinhAndroid\jbr --add-modules=ALL-DEFAULT -Xms8m -Djdk.module.main=jdk.compiler jdk.compiler/com.sun.tools.javac.Main --system=none --patch-module=java.base=E:\SDK\platforms\android-35\core-for-system-modules.jar -d C:\Users\HA VAN DAT\.gradle\caches\8.10.2\transforms\1d92e6a65fc7ae463203ab81a661a3b8-99eb6ef3-4d19-4d35-b13b-d4c649bb2d2b\transformed\output\temp C:\Users\HA VAN DAT\.gradle\caches\8.10.2\transforms\1d92e6a65fc7ae463203ab81a661a3b8-99eb6ef3-4d19-4d35-b13b-d4c649bb2d2b\transformed\output\temp\module-info.java

Host: AMD Ryzen 3 3250U with Radeon Graphics         , 4 cores, 9G,  Windows 11 , 64 bit Build 22621 (10.0.22621.5124)
Time: Wed Apr  9 14:55:22 2025 SE Asia Standard Time elapsed time: 0.678201 seconds (0d 0h 0m 0s)

---------------  T H R E A D  ---------------

Current thread (0x000002103f909830):  JavaThread "main"             [_thread_in_vm, id=9112, stack(0x000000b5bbd00000,0x000000b5bbe00000) (1024K)]

Stack: [0x000000b5bbd00000,0x000000b5bbe00000]
Native frames: (J=compiled Java code, j=interpreted, Vv=VM code, C=native code)
V  [jvm.dll+0x6cfb29]
V  [jvm.dll+0x85df93]
V  [jvm.dll+0x8604ee]
V  [jvm.dll+0x860bd3]
V  [jvm.dll+0x27e6b6]
V  [jvm.dll+0x858e6e]
V  [jvm.dll+0x673d95]
V  [jvm.dll+0x1e3111]
V  [jvm.dll+0x1e2ede]
V  [jvm.dll+0x6766e8]
V  [jvm.dll+0x676522]
V  [jvm.dll+0x67478e]
V  [jvm.dll+0x3beaaf]
V  [jvm.dll+0x20cdbb]
V  [jvm.dll+0x5b1d8f]
V  [jvm.dll+0x7d5f50]
V  [jvm.dll+0x7d607e]
V  [jvm.dll+0x46ebdd]
V  [jvm.dll+0x474528]
C  [java.dll+0x17ec]

Java frames: (J=compiled Java code, j=interpreted, Vv=VM code)
J 366  java.lang.ClassLoader.defineClass1(Ljava/lang/ClassLoader;Ljava/lang/String;[BIILjava/security/ProtectionDomain;Ljava/lang/String;)Ljava/lang/Class; java.base@21.0.5 (0 bytes) @ 0x000002104a54c411 [0x000002104a54c340+0x00000000000000d1]
j  java.lang.ClassLoader.defineClass(Ljava/lang/String;[BIILjava/security/ProtectionDomain;)Ljava/lang/Class;+27 java.base@21.0.5
j  java.lang.ClassLoader.defineClass(Ljava/lang/String;Ljava/nio/ByteBuffer;Ljava/security/ProtectionDomain;)Ljava/lang/Class;+38 java.base@21.0.5
j  java.security.SecureClassLoader.defineClass(Ljava/lang/String;Ljava/nio/ByteBuffer;Ljava/security/CodeSource;)Ljava/lang/Class;+8 java.base@21.0.5
j  jdk.internal.loader.BuiltinClassLoader.defineClass(Ljava/lang/String;Ljdk/internal/loader/BuiltinClassLoader$LoadedModule;)Ljava/lang/Class;+127 java.base@21.0.5
J 370 c1 jdk.internal.loader.BuiltinClassLoader.loadClassOrNull(Ljava/lang/String;Z)Ljava/lang/Class; java.base@21.0.5 (143 bytes) @ 0x0000021042ad2314 [0x0000021042ad1de0+0x0000000000000534]
J 395 c1 jdk.internal.loader.ClassLoaders$AppClassLoader.loadClass(Ljava/lang/String;Z)Ljava/lang/Class; java.base@21.0.5 (40 bytes) @ 0x0000021042ada444 [0x0000021042ada260+0x00000000000001e4]
J 387 c1 java.lang.ClassLoader.loadClass(Ljava/lang/String;)Ljava/lang/Class; java.base@21.0.5 (7 bytes) @ 0x0000021042ad8054 [0x0000021042ad7f40+0x0000000000000114]
v  ~StubRoutines::call_stub 0x0000021049f9100d
J 366  java.lang.ClassLoader.defineClass1(Ljava/lang/ClassLoader;Ljava/lang/String;[BIILjava/security/ProtectionDomain;Ljava/lang/String;)Ljava/lang/Class; java.base@21.0.5 (0 bytes) @ 0x000002104a54c411 [0x000002104a54c340+0x00000000000000d1]
j  java.lang.ClassLoader.defineClass(Ljava/lang/String;[BIILjava/security/ProtectionDomain;)Ljava/lang/Class;+27 java.base@21.0.5
j  java.lang.ClassLoader.defineClass(Ljava/lang/String;Ljava/nio/ByteBuffer;Ljava/security/ProtectionDomain;)Ljava/lang/Class;+38 java.base@21.0.5
j  java.security.SecureClassLoader.defineClass(Ljava/lang/String;Ljava/nio/ByteBuffer;Ljava/security/CodeSource;)Ljava/lang/Class;+8 java.base@21.0.5
j  jdk.internal.loader.BuiltinClassLoader.defineClass(Ljava/lang/String;Ljdk/internal/loader/BuiltinClassLoader$LoadedModule;)Ljava/lang/Class;+127 java.base@21.0.5
J 370 c1 jdk.internal.loader.BuiltinClassLoader.loadClassOrNull(Ljava/lang/String;Z)Ljava/lang/Class; java.base@21.0.5 (143 bytes) @ 0x0000021042ad2314 [0x0000021042ad1de0+0x0000000000000534]
J 395 c1 jdk.internal.loader.ClassLoaders$AppClassLoader.loadClass(Ljava/lang/String;Z)Ljava/lang/Class; java.base@21.0.5 (40 bytes) @ 0x0000021042ada444 [0x0000021042ada260+0x00000000000001e4]
J 387 c1 java.lang.ClassLoader.loadClass(Ljava/lang/String;)Ljava/lang/Class; java.base@21.0.5 (7 bytes) @ 0x0000021042ad8054 [0x0000021042ad7f40+0x0000000000000114]
v  ~StubRoutines::call_stub 0x0000021049f9100d
j  com.sun.tools.javac.processing.JavacProcessingEnvironment.<init>(Lcom/sun/tools/javac/util/Context;)V+12 jdk.compiler@21.0.5
j  com.sun.tools.javac.processing.JavacProcessingEnvironment.instance(Lcom/sun/tools/javac/util/Context;)Lcom/sun/tools/javac/processing/JavacProcessingEnvironment;+19 jdk.compiler@21.0.5
j  com.sun.tools.javac.api.BasicJavacTask.initPlugins(Ljava/util/Set;)V+148 jdk.compiler@21.0.5
j  com.sun.tools.javac.main.Main.compile([Ljava/lang/String;Lcom/sun/tools/javac/util/Context;)Lcom/sun/tools/javac/main/Main$Result;+475 jdk.compiler@21.0.5
j  com.sun.tools.javac.main.Main.compile([Ljava/lang/String;)Lcom/sun/tools/javac/main/Main$Result;+15 jdk.compiler@21.0.5
j  com.sun.tools.javac.Main.compile([Ljava/lang/String;)I+12 jdk.compiler@21.0.5
j  com.sun.tools.javac.Main.main([Ljava/lang/String;)V+1 jdk.compiler@21.0.5
v  ~StubRoutines::call_stub 0x0000021049f9100d

Compiled method (n/a) 723  366     n 0       java.lang.ClassLoader::defineClass1 (native)
 total in heap  [0x000002104a54c190,0x000002104a54c7f0] = 1632
 relocation     [0x000002104a54c2f0,0x000002104a54c328] = 56
 main code      [0x000002104a54c340,0x000002104a54c7ef] = 1199
 stub code      [0x000002104a54c7ef,0x000002104a54c7f0] = 1

[Constant Pool (empty)]

[MachCode]
[Entry Point]
  # {method} {0x0000021058025018} 'defineClass1' '(Ljava/lang/ClassLoader;Ljava/lang/String;[BIILjava/security/ProtectionDomain;Ljava/lang/String;)Ljava/lang/Class;' in 'java/lang/ClassLoader'
  # parm0:    rdx:rdx   = 'java/lang/ClassLoader'
  # parm1:    r8:r8     = 'java/lang/String'
  # parm2:    r9:r9     = '[B'
  # parm3:    rdi       = int
  # parm4:    rsi       = int
  # parm5:    rcx:rcx   = 'java/security/ProtectionDomain'
  # parm6:    [sp+0xa0]   = 'java/lang/String'  (sp of caller)
  0x000002104a54c340: 448b 5208 | 49bb 0000 | 0000 0800 | 0000 4d03 | d349 3bc2 | 0f84 0600 

  0x000002104a54c358: ;   {runtime_call ic_miss_stub}
  0x000002104a54c358: 0000 e921 | 24a9 ff90 
[Verified Entry Point]
  0x000002104a54c360: 8984 2400 | 80ff ff55 | 488b ec48 | 81ec 9000 | 0000 6690 | 4181 7f20 | 0100 0000 

  0x000002104a54c37c: ;   {runtime_call StubRoutines (final stubs)}
  0x000002104a54c37c: 7405 e8dd | d7a7 ff48 | 837d 1000 | 488d 4510 | 480f 4445 | 1048 8944 | 2440 4889 | 4c24 7048 
  0x000002104a54c39c: 83f9 0048 | 8d44 2470 | 480f 4444 | 2470 4889 | 4424 3848 | 8974 2430 | 4889 7c24 | 284c 894c 
  0x000002104a54c3bc: 2458 4983 | f900 488d | 4424 5848 | 0f44 4424 | 5848 8944 | 2420 4c89 | 4424 5049 | 83f8 004c 
  0x000002104a54c3dc: 8d4c 2450 | 4c0f 444c | 2450 4889 | 5424 4848 | 83fa 004c | 8d44 2448 | 4c0f 4444 

  0x000002104a54c3f8: ;   {oop(a 'java/lang/Class'{0x00000007622526f0} = 'java/lang/ClassLoader')}
  0x000002104a54c3f8: 2448 49be | f026 2562 | 0700 0000 | 4c89 7424 | 784c 8d74 | 2478 498b | d6c5 f877 

  0x000002104a54c414: ;   {internal_word}
  0x000002104a54c414: 49ba 11c4 | 544a 1002 | 0000 4d89 | 97a0 0300 | 0049 89a7 | 9803 0000 

  0x000002104a54c42c: ;   {external_word}
  0x000002104a54c42c: 49ba 4047 | 490a ff7f | 0000 4180 | 3a00 0f84 | 4e00 0000 | 5241 5041 

  0x000002104a54c444: ;   {metadata({method} {0x0000021058025018} 'defineClass1' '(Ljava/lang/ClassLoader;Ljava/lang/String;[BIILjava/security/ProtectionDomain;Ljava/lang/String;)Ljava/lang/Class;' in 'java/lang/ClassLoader')}
  0x000002104a54c444: 5148 ba10 | 5002 5810 | 0200 0049 | 8bcf 4883 | ec20 40f6 | c40f 0f84 | 1900 0000 | 4883 ec08 
  0x000002104a54c464: ;   {runtime_call}
  0x000002104a54c464: 48b8 d06b | 030a ff7f | 0000 ffd0 | 4883 c408 | e90c 0000 

  0x000002104a54c478: ;   {runtime_call}
  0x000002104a54c478: 0048 b8d0 | 6b03 0aff | 7f00 00ff | d048 83c4 | 2041 5941 | 585a 498d | 8fb8 0300 | 0041 c787 
  0x000002104a54c498: 4404 0000 | 0400 0000 

  0x000002104a54c4a0: ;   {runtime_call}
  0x000002104a54c4a0: 48b8 ac16 | 9375 ff7f | 0000 ffd0 | c5f8 7741 | c787 4404 | 0000 0500 | 0000 f083 | 4424 c000 
  0x000002104a54c4c0: 493b af48 | 0400 000f | 870e 0000 | 0041 83bf | 4004 0000 | 000f 842b | 0000 00c5 | f877 4889 
  0x000002104a54c4e0: 45f8 498b | cf4c 8be4 | 4883 ec20 | 4883 e4f0 

  0x000002104a54c4f0: ;   {runtime_call}
  0x000002104a54c4f0: 48b8 70da | ce09 ff7f | 0000 ffd0 | 498b e44d | 33e4 488b | 45f8 41c7 | 8744 0400 | 0008 0000 
  0x000002104a54c510: 0041 83bf | c004 0000 | 020f 84a3 

  0x000002104a54c51c: ;   {external_word}
  0x000002104a54c51c: 0200 0049 | ba40 4749 | 0aff 7f00 | 0041 803a | 000f 844c | 0000 0048 

  0x000002104a54c534: ;   {metadata({method} {0x0000021058025018} 'defineClass1' '(Ljava/lang/ClassLoader;Ljava/lang/String;[BIILjava/security/ProtectionDomain;Ljava/lang/String;)Ljava/lang/Class;' in 'java/lang/ClassLoader')}
  0x000002104a54c534: 8945 f848 | ba10 5002 | 5810 0200 | 0049 8bcf | 4883 ec20 | 40f6 c40f | 0f84 1900 | 0000 4883 
  0x000002104a54c554: ;   {runtime_call}
  0x000002104a54c554: ec08 48b8 | d06b 030a | ff7f 0000 | ffd0 4883 | c408 e90c 

  0x000002104a54c568: ;   {runtime_call}
  0x000002104a54c568: 0000 0048 | b8d0 6b03 | 0aff 7f00 | 00ff d048 | 83c4 2048 | 8b45 f849 | c787 9803 | 0000 0000 
  0x000002104a54c588: 0000 49c7 | 87a0 0300 | 0000 0000 | 00c5 f877 | 4885 c00f | 84fe 0100 | 00a8 030f | 8508 0000 
  0x000002104a54c5a8: 0048 8b00 | e9ee 0100 | 00a8 010f | 8509 0000 | 0048 8b40 | fee9 dd01 | 0000 488b | 40ff 4180 
  0x000002104a54c5c8: 7f40 000f | 84ce 0100 | 0048 83f8 | 000f 84c4 | 0100 0049 | 8b4f 2848 | 83f9 000f | 8414 0000 
  0x000002104a54c5e8: 0048 83e9 | 0849 894f | 2849 034f | 3848 8901 | e9a2 0100 | 0048 81ec | d000 0000 | 4889 0424 
  0x000002104a54c608: 4889 4c24 | 0848 8954 | 2410 4889 | 7424 1848 | 897c 2420 | 4c89 4424 | 284c 894c | 2430 4c89 
  0x000002104a54c628: 5424 384c | 895c 2440 | c5fb 1144 | 2450 c5fb | 114c 2458 | c5fb 1154 | 2460 c5fb | 115c 2468 
  0x000002104a54c648: c5fb 1164 | 2470 c5fb | 116c 2478 | c5fb 11b4 | 2480 0000 | 00c5 fb11 | bc24 8800 | 0000 c57b 
  0x000002104a54c668: ;   {no_reloc}
  0x000002104a54c668: 1184 2490 | 0000 00c5 | 7b11 8c24 | 9800 0000 | c57b 1194 | 24a0 0000 | 00c5 7b11 | 9c24 a800 
  0x000002104a54c688: 0000 c57b | 11a4 24b0 | 0000 00c5 | 7b11 ac24 | b800 0000 | c57b 11b4 | 24c0 0000 | 00c5 7b11 
  0x000002104a54c6a8: bc24 c800 | 0000 498b | d748 8bc8 | 4883 ec20 | 40f6 c40f | 0f84 1900 | 0000 4883 

  0x000002104a54c6c4: ;   {runtime_call}
  0x000002104a54c6c4: ec08 48b8 | 70ed c109 | ff7f 0000 | ffd0 4883 | c408 e90c 

  0x000002104a54c6d8: ;   {runtime_call}
  0x000002104a54c6d8: 0000 0048 | b870 edc1 | 09ff 7f00 | 00ff d048 | 83c4 20c5 | 7b10 bc24 | c800 0000 | c57b 10b4 
  0x000002104a54c6f8: 24c0 0000 | 00c5 7b10 | ac24 b800 | 0000 c57b | 10a4 24b0 | 0000 00c5 | 7b10 9c24 | a800 0000 
  0x000002104a54c718: c57b 1094 | 24a0 0000 | 00c5 7b10 | 8c24 9800 | 0000 c57b | 1084 2490 | 0000 00c5 | fb10 bc24 
  0x000002104a54c738: 8800 0000 | c5fb 10b4 | 2480 0000 | 00c5 fb10 | 6c24 78c5 | fb10 6424 | 70c5 fb10 | 5c24 68c5 
  0x000002104a54c758: fb10 5424 | 60c5 fb10 | 4c24 58c5 | fb10 4424 | 504c 8b5c | 2440 4c8b | 5424 384c | 8b4c 2430 
  0x000002104a54c778: 4c8b 4424 | 2848 8b7c | 2420 488b | 7424 1848 | 8b54 2410 | 488b 4c24 | 0848 8b04 | 2448 81c4 
  0x000002104a54c798: d000 0000 | c5f8 7749 | 8b8f 2804 | 0000 c781 | 0001 0000 | 0000 0000 | c949 837f | 0800 0f85 
  0x000002104a54c7b8: 0100 0000 

  0x000002104a54c7bc: ;   {runtime_call StubRoutines (initial stubs)}
  0x000002104a54c7bc: c3e9 3e47 | a4ff c5f8 | 7748 8945 | f84c 8be4 | 4883 ec20 | 4883 e4f0 

  0x000002104a54c7d4: ;   {runtime_call}
  0x000002104a54c7d4: 48b8 70a3 | 030a ff7f | 0000 ffd0 | 498b e44d | 33e4 488b | 45f8 e930 | fdff fff4 
[/MachCode]


Compiled method (c1) 742  370   !   3       jdk.internal.loader.BuiltinClassLoader::loadClassOrNull (143 bytes)
 total in heap  [0x0000021042ad1b10,0x0000021042ad3318] = 6152
 relocation     [0x0000021042ad1c70,0x0000021042ad1dd8] = 360
 main code      [0x0000021042ad1de0,0x0000021042ad2c50] = 3696
 stub code      [0x0000021042ad2c50,0x0000021042ad2d10] = 192
 metadata       [0x0000021042ad2d10,0x0000021042ad2d78] = 104
 scopes data    [0x0000021042ad2d78,0x0000021042ad2fa0] = 552
 scopes pcs     [0x0000021042ad2fa0,0x0000021042ad3180] = 480
 dependencies   [0x0000021042ad3180,0x0000021042ad31a0] = 32
 handler table  [0x0000021042ad31a0,0x0000021042ad32f0] = 336
 nul chk table  [0x0000021042ad32f0,0x0000021042ad3318] = 40

[Constant Pool (empty)]

[MachCode]
[Entry Point]
  # {method} {0x0000021058101770} 'loadClassOrNull' '(Ljava/lang/String;Z)Ljava/lang/Class;' in 'jdk/internal/loader/BuiltinClassLoader'
  # this:     rdx:rdx   = 'jdk/internal/loader/BuiltinClassLoader'
  # parm0:    r8:r8     = 'java/lang/String'
  # parm1:    r9        = boolean
  #           [sp+0xd0]  (sp of caller)
  0x0000021042ad1de0: 448b 5208 | 49bb 0000 | 0000 0800 | 0000 4d03 | d34c 3bd0 

  0x0000021042ad1df4: ;   {runtime_call ic_miss_stub}
  0x0000021042ad1df4: 0f85 86c9 | 5007 660f | 1f44 0000 
[Verified Entry Point]
  0x0000021042ad1e00: 8984 2400 | 80ff ff55 | 4881 ecc0 | 0000 0090 | 4181 7f20 | 0100 0000 

  0x0000021042ad1e18: ;   {runtime_call StubRoutines (final stubs)}
  0x0000021042ad1e18: 7405 e841 | 7d4f 0748 | 8954 2468 

  0x0000021042ad1e24: ;   {metadata(method data for {method} {0x0000021058101770} 'loadClassOrNull' '(Ljava/lang/String;Z)Ljava/lang/Class;' in 'jdk/internal/loader/BuiltinClassLoader')}
  0x0000021042ad1e24: 48be 602a | 7558 1002 | 0000 8bbe | cc00 0000 | 83c7 0289 | becc 0000 | 0081 e7fe | 0700 0085 
  0x0000021042ad1e44: ff0f 84e1 | 0b00 0044 | 894c 2478 

  0x0000021042ad1e50: ;   {metadata(method data for {method} {0x0000021058101770} 'loadClassOrNull' '(Ljava/lang/String;Z)Ljava/lang/Class;' in 'jdk/internal/loader/BuiltinClassLoader')}
  0x0000021042ad1e50: 488b f248 | bf60 2a75 | 5810 0200 | 008b 7608 | 49ba 0000 | 0000 0800 | 0000 4903 | f248 3bb7 
  0x0000021042ad1e70: 2001 0000 | 750d 4883 | 8728 0100 | 0001 e960 | 0000 0048 | 3bb7 3001 | 0000 750d | 4883 8738 
  0x0000021042ad1e90: 0100 0001 | e94a 0000 | 0048 83bf | 2001 0000 | 0075 1748 | 89b7 2001 | 0000 48c7 | 8728 0100 
  0x0000021042ad1eb0: 0001 0000 | 00e9 2900 | 0000 4883 | bf30 0100 | 0000 7517 | 4889 b730 | 0100 0048 | c787 3801 
  0x0000021042ad1ed0: 0000 0100 | 0000 e908 | 0000 0048 | 8387 1001 | 0000 0149 | 8bf0 4c8b | c648 8bfa | 488b d748 
  0x0000021042ad1ef0: 8974 2470 

  0x0000021042ad1ef4: ;   {optimized virtual_call}
  0x0000021042ad1ef4: 6666 90e8 

  0x0000021042ad1ef8: ; ImmutableOopMap {[104]=Oop [112]=Oop }
                      ;*invokevirtual getClassLoadingLock {reexecute=0 rethrow=0 return_oop=0}
                      ; - jdk.internal.loader.BuiltinClassLoader::loadClassOrNull@2
  0x0000021042ad1ef8: 04e8 ffff 

  0x0000021042ad1efc: ;   {other}
  0x0000021042ad1efc: 0f1f 8400 | ec03 0000 | 4889 8424 | 8000 0000 | 488d 9424 | a000 0000 | 488b f048 | 8972 0848 
  0x0000021042ad1f1c: 8b06 4883 | c801 4889 | 02f0 480f | b116 0f84 | 1200 0000 | 482b c448 | 2507 f0ff | ff48 8902 
  0x0000021042ad1f3c: 0f85 100b | 0000 49ff | 8748 0500 | 0048 8b54 

  0x0000021042ad1f4c: ;   {metadata(method data for {method} {0x0000021058101770} 'loadClassOrNull' '(Ljava/lang/String;Z)Ljava/lang/Class;' in 'jdk/internal/loader/BuiltinClassLoader')}
  0x0000021042ad1f4c: 2468 48be | 602a 7558 | 1002 0000 | 4883 8648 | 0100 0001 

  0x0000021042ad1f60: ;   {metadata(method data for {method} {0x00000210580259b8} 'findLoadedClass' '(Ljava/lang/String;)Ljava/lang/Class;' in 'java/lang/ClassLoader')}
  0x0000021042ad1f60: 48ba 4826 | 7558 1002 | 0000 8bb2 | cc00 0000 | 83c6 0289 | b2cc 0000 | 0081 e6fe | ff1f 0085 
  0x0000021042ad1f80: f60f 84de 

  0x0000021042ad1f84: ;   {metadata(method data for {method} {0x00000210580259b8} 'findLoadedClass' '(Ljava/lang/String;)Ljava/lang/Class;' in 'java/lang/ClassLoader')}
  0x0000021042ad1f84: 0a00 0048 | ba48 2675 | 5810 0200 | 0048 8382 | 1001 0000 | 0148 8b54 

  0x0000021042ad1f9c: ;   {static_call}
  0x0000021042ad1f9c: 2470 90e8 

  0x0000021042ad1fa0: ; ImmutableOopMap {[104]=Oop [112]=Oop [128]=Oop [168]=Oop }
                      ;*invokestatic checkName {reexecute=0 rethrow=0 return_oop=0}
                      ; - java.lang.ClassLoader::findLoadedClass@1
                      ; - jdk.internal.loader.BuiltinClassLoader::loadClassOrNull@10
  0x0000021042ad1fa0: 1c75 fdff 

  0x0000021042ad1fa4: ;   {other}
  0x0000021042ad1fa4: 0f1f 8400 | 9404 0001 

  0x0000021042ad1fac: ;   {metadata(method data for {method} {0x00000210580259b8} 'findLoadedClass' '(Ljava/lang/String;)Ljava/lang/Class;' in 'java/lang/ClassLoader')}
  0x0000021042ad1fac: 85c0 49b8 | 4826 7558 | 1002 0000 | 48c7 c220 | 0100 0075 | 0748 c7c2 | 3001 0000 | 498b 3410 
  0x0000021042ad1fcc: 488d 7601 | 4989 3410 | 0f85 0f00 

  0x0000021042ad1fd8: ;   {oop(nullptr)}
  0x0000021042ad1fd8: 0000 48be | 0000 0000 | 0000 0000 | e936 0000 | 0048 8b54 

  0x0000021042ad1fec: ;   {metadata(method data for {method} {0x00000210580259b8} 'findLoadedClass' '(Ljava/lang/String;)Ljava/lang/Class;' in 'java/lang/ClassLoader')}
  0x0000021042ad1fec: 2468 49b8 | 4826 7558 | 1002 0000 | 4983 8040 | 0100 0001 | 4c8b 4424 | 7048 8b54 | 2468 0f1f 
  0x0000021042ad200c: ;   {optimized virtual_call}
  0x0000021042ad200c: 4400 00e8 

  0x0000021042ad2010: ; ImmutableOopMap {[104]=Oop [112]=Oop [128]=Oop [168]=Oop }
                      ;*invokevirtual findLoadedClass0 {reexecute=0 rethrow=0 return_oop=0}
                      ; - java.lang.ClassLoader::findLoadedClass@11
                      ; - jdk.internal.loader.BuiltinClassLoader::loadClassOrNull@10
  0x0000021042ad2010: 4c10 a707 

  0x0000021042ad2014: ;   {other}
  0x0000021042ad2014: 0f1f 8400 | 0405 0002 | 488b f048 

  0x0000021042ad2020: ;   {metadata(method data for {method} {0x0000021058101770} 'loadClassOrNull' '(Ljava/lang/String;Z)Ljava/lang/Class;' in 'jdk/internal/loader/BuiltinClassLoader')}
  0x0000021042ad2020: 85f6 49b8 | 602a 7558 | 1002 0000 | 48c7 c280 | 0100 0075 | 0748 c7c2 | 9001 0000 | 498b 3c10 
  0x0000021042ad2040: 488d 7f01 | 4989 3c10 | 0f85 c907 | 0000 4889 | b424 8800 | 0000 488b 

  0x0000021042ad2058: ;   {metadata(method data for {method} {0x0000021058101770} 'loadClassOrNull' '(Ljava/lang/String;Z)Ljava/lang/Class;' in 'jdk/internal/loader/BuiltinClassLoader')}
  0x0000021042ad2058: 5424 6849 | b860 2a75 | 5810 0200 | 0049 8380 | a001 0000 | 014c 8b44 | 2470 488b 

  0x0000021042ad2074: ;   {optimized virtual_call}
  0x0000021042ad2074: 5424 68e8 

  0x0000021042ad2078: ; ImmutableOopMap {[104]=Oop [112]=Oop [128]=Oop [136]=Oop [168]=Oop }
                      ;*invokevirtual findLoadedModule {reexecute=0 rethrow=0 return_oop=0}
                      ; - jdk.internal.loader.BuiltinClassLoader::loadClassOrNull@22
  0x0000021042ad2078: e4f1 ffff 

  0x0000021042ad207c: ;   {other}
  0x0000021042ad207c: 0f1f 8400 | 6c05 0003 

  0x0000021042ad2084: ;   {metadata(method data for {method} {0x0000021058101770} 'loadClassOrNull' '(Ljava/lang/String;Z)Ljava/lang/Class;' in 'jdk/internal/loader/BuiltinClassLoader')}
  0x0000021042ad2084: 4885 c049 | b860 2a75 | 5810 0200 | 0049 c7c1 | d801 0000 | 7407 49c7 | c1e8 0100 | 004b 8b14 
  0x0000021042ad20a4: 0848 8d52 | 014b 8914 | 0848 8b54 | 2468 0f84 | 9503 0000 

  0x0000021042ad20b8: ; implicit exception: dispatches to 0x0000021042ad2a86
  0x0000021042ad20b8: 483b 004c 

  0x0000021042ad20bc: ;   {metadata(method data for {method} {0x0000021058101770} 'loadClassOrNull' '(Ljava/lang/String;Z)Ljava/lang/Class;' in 'jdk/internal/loader/BuiltinClassLoader')}
  0x0000021042ad20bc: 8bc0 49b9 | 602a 7558 | 1002 0000 

  0x0000021042ad20c8: ;   {metadata('jdk/internal/loader/BuiltinClassLoader$LoadedModule')}
  0x0000021042ad20c8: 49ba 90e1 | 0200 0800 | 0000 4d89 | 9108 0200 | 0049 8381 | 1002 0000 | 018b 700c | 48c1 e603 
  0x0000021042ad20e8: ;   {metadata(method data for {method} {0x0000021058101770} 'loadClassOrNull' '(Ljava/lang/String;Z)Ljava/lang/Class;' in 'jdk/internal/loader/BuiltinClassLoader')}
  0x0000021042ad20e8: 483b f249 | b860 2a75 | 5810 0200 | 0049 c7c1 | 3002 0000 | 7507 49c7 | c140 0200 | 004b 8b3c 
  0x0000021042ad2108: 0848 8d7f | 014b 893c | 080f 851e 

  0x0000021042ad2114: ;   {metadata(method data for {method} {0x0000021058101770} 'loadClassOrNull' '(Ljava/lang/String;Z)Ljava/lang/Class;' in 'jdk/internal/loader/BuiltinClassLoader')}
  0x0000021042ad2114: 0200 0049 | b860 2a75 | 5810 0200 | 0049 8380 | 5002 0000 

  0x0000021042ad2128: ;   {metadata(method data for {method} {0x00000210581676a8} 'isModuleSystemInited' '()Z' in 'jdk/internal/misc/VM')}
  0x0000021042ad2128: 0149 b880 | 2f75 5810 | 0200 0045 | 8b88 cc00 | 0000 4183 | c102 4589 | 88cc 0000 | 0041 81e1 
  0x0000021042ad2148: feff 1f00 | 4585 c90f | 8436 0900 

  0x0000021042ad2154: ;   {oop(a 'java/lang/Class'{0x00000007622003e0} = 'jdk/internal/misc/VM')}
  0x0000021042ad2154: 0049 b8e0 | 0320 6207 | 0000 0045 | 8b80 9400 | 0000 4183 

  0x0000021042ad2168: ;   {metadata(method data for {method} {0x00000210581676a8} 'isModuleSystemInited' '()Z' in 'jdk/internal/misc/VM')}
  0x0000021042ad2168: f802 49b8 | 802f 7558 | 1002 0000 | 49c7 c110 | 0100 007c | 0749 c7c1 | 2001 0000 | 4b8b 3408 
  0x0000021042ad2188: 488d 7601 | 4b89 3408 | 0f8c 1c00 

  0x0000021042ad2194: ;   {metadata(method data for {method} {0x00000210581676a8} 'isModuleSystemInited' '()Z' in 'jdk/internal/misc/VM')}
  0x0000021042ad2194: 0000 49b8 | 802f 7558 | 1002 0000 | 41ff 8030 | 0100 0041 | b801 0000 | 00e9 0600 | 0000 41b8 
  0x0000021042ad21b4: 0000 0000 | 4183 e001 

  0x0000021042ad21bc: ;   {metadata(method data for {method} {0x0000021058101770} 'loadClassOrNull' '(Ljava/lang/String;Z)Ljava/lang/Class;' in 'jdk/internal/loader/BuiltinClassLoader')}
  0x0000021042ad21bc: 4585 c049 | b860 2a75 | 5810 0200 | 0049 c7c1 | 7002 0000 | 7507 49c7 | c160 0200 | 004b 8b34 
  0x0000021042ad21dc: 0848 8d76 | 014b 8934 | 080f 850d | 0000 0048 | 8bb4 2488 | 0000 00e9 | 3f02 0000 

  0x0000021042ad21f8: ;   {metadata(method data for {method} {0x0000021058101770} 'loadClassOrNull' '(Ljava/lang/String;Z)Ljava/lang/Class;' in 'jdk/internal/loader/BuiltinClassLoader')}
  0x0000021042ad21f8: 4c8b c249 | b960 2a75 | 5810 0200 | 0049 8381 | 8002 0000 

  0x0000021042ad220c: ;   {metadata(method data for {method} {0x0000021058101ae8} 'findClassInModuleOrNull' '(Ljdk/internal/loader/BuiltinClassLoader$LoadedModule;Ljava/lang/String;)Ljava/lang/Class;' in 'jdk/internal/loader/BuiltinClassLoader')}
  0x0000021042ad220c: 0149 b8e0 | 3075 5810 | 0200 0045 | 8b88 cc00 | 0000 4183 | c102 4589 | 88cc 0000 | 0041 81e1 
  0x0000021042ad222c: feff 1f00 | 4585 c90f | 8473 0800 

  0x0000021042ad2238: ;   {metadata(method data for {method} {0x0000021058101ae8} 'findClassInModuleOrNull' '(Ljdk/internal/loader/BuiltinClassLoader$LoadedModule;Ljava/lang/String;)Ljava/lang/Class;' in 'jdk/internal/loader/BuiltinClassLoader')}
  0x0000021042ad2238: 0049 b8e0 | 3075 5810 | 0200 0049 | 8380 1001 

  0x0000021042ad2248: ;   {metadata(method data for {method} {0x000002105802bbf8} 'getSecurityManager' '()Ljava/lang/SecurityManager;' in 'java/lang/System')}
  0x0000021042ad2248: 0000 0149 | b860 a149 | 5810 0200 | 0045 8b88 | cc00 0000 | 4183 c102 | 4589 88cc | 0000 0041 
  0x0000021042ad2268: 81e1 feff | 1f00 4585 | c90f 8456 

  0x0000021042ad2274: ;   {metadata(method data for {method} {0x000002105802bbf8} 'getSecurityManager' '()Ljava/lang/SecurityManager;' in 'java/lang/System')}
  0x0000021042ad2274: 0800 0049 | b860 a149 | 5810 0200 | 0049 8380 | 1001 0000 

  0x0000021042ad2288: ;   {metadata(method data for {method} {0x000002105802b030} 'allowSecurityManager' '()Z' in 'java/lang/System')}
  0x0000021042ad2288: 0149 b8d8 | a249 5810 | 0200 0045 | 8b88 cc00 | 0000 4183 | c102 4589 | 88cc 0000 | 0041 81e1 
  0x0000021042ad22a8: feff 1f00 | 4585 c90f | 8439 0800 

  0x0000021042ad22b4: ;   {metadata(method data for {method} {0x000002105802b030} 'allowSecurityManager' '()Z' in 'java/lang/System')}
  0x0000021042ad22b4: 0049 b8d8 | a249 5810 | 0200 0041 | ff80 1001 

  0x0000021042ad22c4: ;   {metadata(method data for {method} {0x000002105802bbf8} 'getSecurityManager' '()Ljava/lang/SecurityManager;' in 'java/lang/System')}
  0x0000021042ad22c4: 0000 49b8 | 60a1 4958 | 1002 0000 | 41ff 8020 

  0x0000021042ad22d4: ;   {metadata(method data for {method} {0x0000021058101ae8} 'findClassInModuleOrNull' '(Ljdk/internal/loader/BuiltinClassLoader$LoadedModule;Ljava/lang/String;)Ljava/lang/Class;' in 'jdk/internal/loader/BuiltinClassLoader')}
  0x0000021042ad22d4: 0100 0049 | b8e0 3075 | 5810 0200 | 0041 ff80 | 3001 0000 

  0x0000021042ad22e8: ;   {metadata(method data for {method} {0x0000021058101ae8} 'findClassInModuleOrNull' '(Ljdk/internal/loader/BuiltinClassLoader$LoadedModule;Ljava/lang/String;)Ljava/lang/Class;' in 'jdk/internal/loader/BuiltinClassLoader')}
  0x0000021042ad22e8: 4c8b c249 | b9e0 3075 | 5810 0200 | 0049 8381 | 4001 0000 | 014c 8b44 | 2470 4c8b | c848 8bf2 
  0x0000021042ad2308: 488b d60f 

  0x0000021042ad230c: ;   {optimized virtual_call}
  0x0000021042ad230c: 1f40 00e8 

  0x0000021042ad2310: ; ImmutableOopMap {[104]=Oop [128]=Oop [168]=Oop }
                      ;*invokevirtual defineClass {reexecute=0 rethrow=0 return_oop=0}
                      ; - jdk.internal.loader.BuiltinClassLoader::findClassInModuleOrNull@9
                      ; - jdk.internal.loader.BuiltinClassLoader::loadClassOrNull@55
  0x0000021042ad2310: 8e09 0000 

  0x0000021042ad2314: ;   {other}
  0x0000021042ad2314: 0f1f 8400 | 0408 0004 

  0x0000021042ad231c: ;   {metadata(method data for {method} {0x0000021058101770} 'loadClassOrNull' '(Ljava/lang/String;Z)Ljava/lang/Class;' in 'jdk/internal/loader/BuiltinClassLoader')}
  0x0000021042ad231c: 49b8 602a | 7558 1002 | 0000 41ff | 80b8 0200 | 0048 8bf0 | e902 0100 | 0048 3b06 

  0x0000021042ad2338: ;   {metadata(method data for {method} {0x0000021058101770} 'loadClassOrNull' '(Ljava/lang/String;Z)Ljava/lang/Class;' in 'jdk/internal/loader/BuiltinClassLoader')}
  0x0000021042ad2338: 4c8b c649 | b960 2a75 | 5810 0200 | 0049 8381 | d002 0000 

  0x0000021042ad234c: ;   {metadata(method data for {method} {0x0000021058101868} 'loadClassOrNull' '(Ljava/lang/String;)Ljava/lang/Class;' in 'jdk/internal/loader/BuiltinClassLoader')}
  0x0000021042ad234c: 0149 b8d0 | 3875 5810 | 0200 0045 | 8b88 cc00 | 0000 4183 | c102 4589 | 88cc 0000 | 0041 81e1 
  0x0000021042ad236c: feff 1f00 | 4585 c90f | 849b 0700 | 004c 8bc6 

  0x0000021042ad237c: ;   {metadata(method data for {method} {0x0000021058101868} 'loadClassOrNull' '(Ljava/lang/String;)Ljava/lang/Class;' in 'jdk/internal/loader/BuiltinClassLoader')}
  0x0000021042ad237c: 49b9 d038 | 7558 1002 | 0000 458b | 4008 49ba | 0000 0000 | 0800 0000 | 4d03 c24d | 3b81 2001 
  0x0000021042ad239c: 0000 750d | 4983 8128 | 0100 0001 | e960 0000 | 004d 3b81 | 3001 0000 | 750d 4983 | 8138 0100 
  0x0000021042ad23bc: 0001 e94a | 0000 0049 | 83b9 2001 | 0000 0075 | 174d 8981 | 2001 0000 | 49c7 8128 | 0100 0001 
  0x0000021042ad23dc: 0000 00e9 | 2900 0000 | 4983 b930 | 0100 0000 | 7517 4d89 | 8130 0100 | 0049 c781 | 3801 0000 
  0x0000021042ad23fc: 0100 0000 | e908 0000 | 0049 8381 | 1001 0000 | 014c 8b44 | 2470 41b9 | 0000 0000 | 488b d666 
  0x0000021042ad241c: 9048 b8ff | ffff ffff 

  0x0000021042ad2424: ;   {virtual_call}
  0x0000021042ad2424: ffff ffe8 

  0x0000021042ad2428: ; ImmutableOopMap {[104]=Oop [128]=Oop [168]=Oop }
                      ;*invokevirtual loadClassOrNull {reexecute=0 rethrow=0 return_oop=0}
                      ; - jdk.internal.loader.BuiltinClassLoader::loadClassOrNull@3
                      ; - jdk.internal.loader.BuiltinClassLoader::loadClassOrNull@66
  0x0000021042ad2428: 4495 5d07 

  0x0000021042ad242c: ;   {other}
  0x0000021042ad242c: 0f1f 8400 | 1c09 0005 

  0x0000021042ad2434: ;   {metadata(method data for {method} {0x0000021058101770} 'loadClassOrNull' '(Ljava/lang/String;Z)Ljava/lang/Class;' in 'jdk/internal/loader/BuiltinClassLoader')}
  0x0000021042ad2434: 488b f049 | b860 2a75 | 5810 0200 | 0041 ff80 | 0803 0000 | e9ca 0300 | 008b 7254 | 48c1 e603 
  0x0000021042ad2454: ;   {metadata(method data for {method} {0x0000021058101770} 'loadClassOrNull' '(Ljava/lang/String;Z)Ljava/lang/Class;' in 'jdk/internal/loader/BuiltinClassLoader')}
  0x0000021042ad2454: 4885 f649 | b860 2a75 | 5810 0200 | 0049 c7c1 | 3003 0000 | 7507 49c7 | c120 0300 | 004b 8b3c 
  0x0000021042ad2474: 0848 8d7f | 014b 893c | 080f 850d | 0000 0048 | 8bb4 2488 | 0000 00e9 | 0701 0000 

  0x0000021042ad2490: ; implicit exception: dispatches to 0x0000021042ad2b35
  0x0000021042ad2490: 483b 064c 

  0x0000021042ad2494: ;   {metadata(method data for {method} {0x0000021058101770} 'loadClassOrNull' '(Ljava/lang/String;Z)Ljava/lang/Class;' in 'jdk/internal/loader/BuiltinClassLoader')}
  0x0000021042ad2494: 8bc6 49b9 | 602a 7558 | 1002 0000 | 4983 8140 | 0300 0001 

  0x0000021042ad24a8: ;   {metadata(method data for {method} {0x0000021058101868} 'loadClassOrNull' '(Ljava/lang/String;)Ljava/lang/Class;' in 'jdk/internal/loader/BuiltinClassLoader')}
  0x0000021042ad24a8: 49b8 d038 | 7558 1002 | 0000 458b | 88cc 0000 | 0041 83c1 | 0245 8988 | cc00 0000 | 4181 e1fe 
  0x0000021042ad24c8: ff1f 0045 | 85c9 0f84 | 6606 0000 

  0x0000021042ad24d4: ;   {metadata(method data for {method} {0x0000021058101868} 'loadClassOrNull' '(Ljava/lang/String;)Ljava/lang/Class;' in 'jdk/internal/loader/BuiltinClassLoader')}
  0x0000021042ad24d4: 4c8b c649 | b9d0 3875 | 5810 0200 | 0045 8b40 | 0849 ba00 | 0000 0008 | 0000 004d | 03c2 4d3b 
  0x0000021042ad24f4: 8120 0100 | 0075 0d49 | 8381 2801 | 0000 01e9 | 6000 0000 | 4d3b 8130 | 0100 0075 | 0d49 8381 
  0x0000021042ad2514: 3801 0000 | 01e9 4a00 | 0000 4983 | b920 0100 | 0000 7517 | 4d89 8120 | 0100 0049 | c781 2801 
  0x0000021042ad2534: 0000 0100 | 0000 e929 | 0000 0049 | 83b9 3001 | 0000 0075 | 174d 8981 | 3001 0000 | 49c7 8138 
  0x0000021042ad2554: 0100 0001 | 0000 00e9 | 0800 0000 | 4983 8110 | 0100 0001 | 4c8b 4424 | 7041 b900 | 0000 0048 
  0x0000021042ad2574: 8bd6 0f1f | 8000 0000 | 0048 b8ff | ffff ffff 

  0x0000021042ad2584: ;   {virtual_call}
  0x0000021042ad2584: ffff ffe8 

  0x0000021042ad2588: ; ImmutableOopMap {[104]=Oop [112]=Oop [128]=Oop [168]=Oop }
                      ;*invokevirtual loadClassOrNull {reexecute=0 rethrow=0 return_oop=0}
                      ; - jdk.internal.loader.BuiltinClassLoader::loadClassOrNull@3
                      ; - jdk.internal.loader.BuiltinClassLoader::loadClassOrNull@86
  0x0000021042ad2588: f4c7 5007 

  0x0000021042ad258c: ;   {other}
  0x0000021042ad258c: 0f1f 8400 | 7c0a 0006 | 488b f048 

  0x0000021042ad2598: ;   {metadata(method data for {method} {0x0000021058101770} 'loadClassOrNull' '(Ljava/lang/String;Z)Ljava/lang/Class;' in 'jdk/internal/loader/BuiltinClassLoader')}
  0x0000021042ad2598: 85f6 49b8 | 602a 7558 | 1002 0000 | 48c7 c278 | 0300 0075 | 0748 c7c2 | 8803 0000 | 498b 3c10 
  0x0000021042ad25b8: 488d 7f01 | 4989 3c10 | 0f85 5102 | 0000 488b | 5424 684c 

  0x0000021042ad25cc: ;   {metadata(method data for {method} {0x0000021058101770} 'loadClassOrNull' '(Ljava/lang/String;Z)Ljava/lang/Class;' in 'jdk/internal/loader/BuiltinClassLoader')}
  0x0000021042ad25cc: 8bc2 48bf | 602a 7558 | 1002 0000 | 458b 4008 | 49ba 0000 | 0000 0800 | 0000 4d03 | c24c 3b87 
  0x0000021042ad25ec: a803 0000 | 750d 4883 | 87b0 0300 | 0001 e960 | 0000 004c | 3b87 b803 | 0000 750d | 4883 87c0 
  0x0000021042ad260c: 0300 0001 | e94a 0000 | 0048 83bf | a803 0000 | 0075 174c | 8987 a803 | 0000 48c7 | 87b0 0300 
  0x0000021042ad262c: 0001 0000 | 00e9 2900 | 0000 4883 | bfb8 0300 | 0000 7517 | 4c89 87b8 | 0300 0048 | c787 c003 
  0x0000021042ad264c: 0000 0100 | 0000 e908 | 0000 0048 | 8387 9803 

  0x0000021042ad265c: ;   {metadata(method data for {method} {0x0000021058100688} 'hasClassPath' '()Z' in 'jdk/internal/loader/BuiltinClassLoader')}
  0x0000021042ad265c: 0000 0149 | b860 3a75 | 5810 0200 | 0041 8bb8 | cc00 0000 | 83c7 0241 | 89b8 cc00 | 0000 81e7 
  0x0000021042ad267c: feff 1f00 | 85ff 0f84 | d304 0000 | 448b 4258 | 49c1 e003 

  0x0000021042ad2690: ;   {metadata(method data for {method} {0x0000021058100688} 'hasClassPath' '()Z' in 'jdk/internal/loader/BuiltinClassLoader')}
  0x0000021042ad2690: 4d85 c049 | b860 3a75 | 5810 0200 | 0048 c7c7 | 1001 0000 | 7407 48c7 | c720 0100 | 0049 8b1c 
  0x0000021042ad26b0: 3848 8d5b | 0149 891c | 380f 841c 

  0x0000021042ad26bc: ;   {metadata(method data for {method} {0x0000021058100688} 'hasClassPath' '()Z' in 'jdk/internal/loader/BuiltinClassLoader')}
  0x0000021042ad26bc: 0000 0049 | b860 3a75 | 5810 0200 | 0041 ff80 | 3001 0000 | 41b8 0100 | 0000 e906 | 0000 0041 
  0x0000021042ad26dc: b800 0000 | 0041 83e0 | 0145 85c0 

  0x0000021042ad26e8: ;   {metadata(method data for {method} {0x0000021058101770} 'loadClassOrNull' '(Ljava/lang/String;Z)Ljava/lang/Class;' in 'jdk/internal/loader/BuiltinClassLoader')}
  0x0000021042ad26e8: 49b8 602a | 7558 1002 | 0000 48c7 | c7d0 0300 | 0074 0748 | c7c7 e003 | 0000 498b | 1c38 488d 
  0x0000021042ad2708: 5b01 4989 | 1c38 0f84 | 0301 0000 

  0x0000021042ad2714: ;   {metadata(method data for {method} {0x0000021058101770} 'loadClassOrNull' '(Ljava/lang/String;Z)Ljava/lang/Class;' in 'jdk/internal/loader/BuiltinClassLoader')}
  0x0000021042ad2714: 49b8 602a | 7558 1002 | 0000 4983 | 80f0 0300 

  0x0000021042ad2724: ;   {metadata(method data for {method} {0x00000210581676a8} 'isModuleSystemInited' '()Z' in 'jdk/internal/misc/VM')}
  0x0000021042ad2724: 0001 49b8 | 802f 7558 | 1002 0000 | 418b b8cc | 0000 0083 | c702 4189 | b8cc 0000 | 0081 e7fe 
  0x0000021042ad2744: ff1f 0085 | ff0f 842d 

  0x0000021042ad274c: ;   {oop(a 'java/lang/Class'{0x00000007622003e0} = 'jdk/internal/misc/VM')}
  0x0000021042ad274c: 0400 0049 | b8e0 0320 | 6207 0000 | 0045 8b80 | 9400 0000 | 4183 f802 

  0x0000021042ad2764: ;   {metadata(method data for {method} {0x00000210581676a8} 'isModuleSystemInited' '()Z' in 'jdk/internal/misc/VM')}
  0x0000021042ad2764: 49b8 802f | 7558 1002 | 0000 48c7 | c710 0100 | 007c 0748 | c7c7 2001 | 0000 498b | 1c38 488d 
  0x0000021042ad2784: 5b01 4989 | 1c38 0f8c | 1c00 0000 

  0x0000021042ad2790: ;   {metadata(method data for {method} {0x00000210581676a8} 'isModuleSystemInited' '()Z' in 'jdk/internal/misc/VM')}
  0x0000021042ad2790: 49b8 802f | 7558 1002 | 0000 41ff | 8030 0100 | 0041 b801 | 0000 00e9 | 0600 0000 | 41b8 0000 
  0x0000021042ad27b0: 0000 4183 | e001 4585 

  0x0000021042ad27b8: ;   {metadata(method data for {method} {0x0000021058101770} 'loadClassOrNull' '(Ljava/lang/String;Z)Ljava/lang/Class;' in 'jdk/internal/loader/BuiltinClassLoader')}
  0x0000021042ad27b8: c049 b860 | 2a75 5810 | 0200 0048 | c7c7 0004 | 0000 7407 | 48c7 c710 | 0400 0049 | 8b1c 3848 
  0x0000021042ad27d8: 8d5b 0149 | 891c 380f | 8432 0000 | 004c 8b44 | 2470 488b 

  0x0000021042ad27ec: ;   {metadata(method data for {method} {0x0000021058101770} 'loadClassOrNull' '(Ljava/lang/String;Z)Ljava/lang/Class;' in 'jdk/internal/loader/BuiltinClassLoader')}
  0x0000021042ad27ec: f248 bf60 | 2a75 5810 | 0200 0048 | 8387 2004 | 0000 0148 | 8bf2 488b 

  0x0000021042ad2804: ;   {optimized virtual_call}
  0x0000021042ad2804: d666 90e8 

  0x0000021042ad2808: ; ImmutableOopMap {[104]=Oop [128]=Oop [168]=Oop }
                      ;*invokevirtual findClassOnClassPathOrNull {reexecute=0 rethrow=0 return_oop=0}
                      ; - jdk.internal.loader.BuiltinClassLoader::loadClassOrNull@111
  0x0000021042ad2808: 74c2 5007 

  0x0000021042ad280c: ;   {other}
  0x0000021042ad280c: 0f1f 8400 | fc0c 0007 | 488b f044 | 8b4c 2478 

  0x0000021042ad281c: ;   {metadata(method data for {method} {0x0000021058101770} 'loadClassOrNull' '(Ljava/lang/String;Z)Ljava/lang/Class;' in 'jdk/internal/loader/BuiltinClassLoader')}
  0x0000021042ad281c: 4585 c948 | b860 2a75 | 5810 0200 | 0048 c7c2 | 5804 0000 | 7407 48c7 | c268 0400 | 0048 8b3c 
  0x0000021042ad283c: 1048 8d7f | 0148 893c | 100f 849c | 0000 0048 

  0x0000021042ad284c: ;   {metadata(method data for {method} {0x0000021058101770} 'loadClassOrNull' '(Ljava/lang/String;Z)Ljava/lang/Class;' in 'jdk/internal/loader/BuiltinClassLoader')}
  0x0000021042ad284c: 85f6 48b8 | 602a 7558 | 1002 0000 | 48c7 c278 | 0400 0074 | 0748 c7c2 | 8804 0000 | 488b 3c10 
  0x0000021042ad286c: 488d 7f01 | 4889 3c10 | 0f84 6d00 | 0000 488b 

  0x0000021042ad287c: ;   {metadata(method data for {method} {0x0000021058101770} 'loadClassOrNull' '(Ljava/lang/String;Z)Ljava/lang/Class;' in 'jdk/internal/loader/BuiltinClassLoader')}
  0x0000021042ad287c: 5424 6848 | b860 2a75 | 5810 0200 | 0048 8380 | 9804 0000 

  0x0000021042ad2890: ;   {metadata(method data for {method} {0x00000210580256a8} 'resolveClass' '(Ljava/lang/Class;)V' in 'java/lang/ClassLoader')}
  0x0000021042ad2890: 0148 b8c8 | 3e75 5810 | 0200 008b | 90cc 0000 | 0083 c202 | 8990 cc00 | 0000 81e2 | feff 1f00 
  0x0000021042ad28b0: 85d2 0f84 | e502 0000 

  0x0000021042ad28b8: ;   {metadata(method data for {method} {0x00000210580256a8} 'resolveClass' '(Ljava/lang/Class;)V' in 'java/lang/ClassLoader')}
  0x0000021042ad28b8: 4885 f648 | b8c8 3e75 | 5810 0200 | 0048 c7c2 | 2001 0000 | 7407 48c7 | c210 0100 | 0048 8b3c 
  0x0000021042ad28d8: 1048 8d7f | 0148 893c | 100f 8443 | 0000 0048 | 8d84 24a0 | 0000 0048 | 8b10 4885 | d20f 840f 
  0x0000021042ad28f8: 0000 0048 | 8b78 08f0 | 480f b117 | 0f85 b402 | 0000 49ff | 8f48 0500 | 0048 8bc6 | 4881 c4c0 
  0x0000021042ad2918: 0000 005d 

  0x0000021042ad291c: ;   {poll_return}
  0x0000021042ad291c: 493b a748 | 0400 000f | 87ab 0200 | 00c3 4889 | b424 9800 | 0000 660f | 1f44 0000 

  0x0000021042ad2938: ;   {no_reloc}
  0x0000021042ad2938: e9bc 0200 | 0000 0000 | 0000 498b | 87b8 0100 | 0048 8d78 | 3049 3bbf | c801 0000 | 0f87 a902 
  0x0000021042ad2958: 0000 4989 | bfb8 0100 | 0048 c700 | 0100 0000 | 488b ca49 | ba00 0000 | 0008 0000 | 0049 2bca 
  0x0000021042ad2978: 8948 0848 | 33c9 8948 | 0c48 33c9 | 4889 4810 | 4889 4818 | 4889 4820 | 4889 4828 

  0x0000021042ad2994: ;   {metadata(method data for {method} {0x00000210580256a8} 'resolveClass' '(Ljava/lang/Class;)V' in 'java/lang/ClassLoader')}
  0x0000021042ad2994: 488b d048 | bec8 3e75 | 5810 0200 | 0048 8386 | 3001 0000 | 0148 8bd0 | 4889 8424 | 9000 0000 
  0x0000021042ad29b4: ;   {optimized virtual_call}
  0x0000021042ad29b4: 6666 90e8 

  0x0000021042ad29b8: ; ImmutableOopMap {[128]=Oop [144]=Oop [152]=Oop [168]=Oop }
                      ;*invokespecial <init> {reexecute=0 rethrow=0 return_oop=0}
                      ; - java.lang.ClassLoader::resolveClass@8
                      ; - jdk.internal.loader.BuiltinClassLoader::loadClassOrNull@128
  0x0000021042ad29b8: c4c0 5007 

  0x0000021042ad29bc: ;   {other}
  0x0000021042ad29bc: 0f1f 8400 | ac0e 0008 | 488b 8424 

  0x0000021042ad29c8: ; ImmutableOopMap {rax=Oop [128]=Oop [152]=Oop [168]=Oop }
                      ;*athrow {reexecute=1 rethrow=0 return_oop=0}
                      ; - (reexecute) java.lang.ClassLoader::resolveClass@11
                      ; - jdk.internal.loader.BuiltinClassLoader::loadClassOrNull@128
  0x0000021042ad29c8: 9000 0000 

  0x0000021042ad29cc: ;   {section_word}
  0x0000021042ad29cc: 48ba cc29 | ad42 1002 

  0x0000021042ad29d4: ;   {runtime_call handle_exception_nofpu Runtime1 stub}
  0x0000021042ad29d4: 0000 e8a5 | a95c 0790 | 498b 87f8 | 0400 004d | 33d2 4d89 | 97f8 0400 | 004d 33d2 | 4d89 9700 
  0x0000021042ad29f4: 0500 0048 | 8bf0 488d | 8424 a000 | 0000 488b | 3848 85ff | 0f84 0f00 | 0000 488b | 5808 f048 
  0x0000021042ad2a14: 0fb1 3b0f | 85f3 0100 | 0049 ff8f | 4805 0000 | 488b c6e9 | 1702 0000 

  0x0000021042ad2a2c: ;   {metadata({method} {0x0000021058101770} 'loadClassOrNull' '(Ljava/lang/String;Z)Ljava/lang/Class;' in 'jdk/internal/loader/BuiltinClassLoader')}
  0x0000021042ad2a2c: 49ba 6817 | 1058 1002 | 0000 4c89 | 5424 0848 | c704 24ff 

  0x0000021042ad2a40: ;   {runtime_call counter_overflow Runtime1 stub}
  0x0000021042ad2a40: ffff ffe8 

  0x0000021042ad2a44: ; ImmutableOopMap {rdx=Oop r8=Oop [104]=Oop }
                      ;*synchronization entry
                      ; - jdk.internal.loader.BuiltinClassLoader::loadClassOrNull@-1
  0x0000021042ad2a44: 38e2 5c07 | e9fe f3ff 

  0x0000021042ad2a4c: ;   {runtime_call throw_null_pointer_exception Runtime1 stub}
  0x0000021042ad2a4c: ffe8 2e91 

  0x0000021042ad2a50: ; ImmutableOopMap {rsi=Oop [104]=Oop [112]=Oop [128]=Oop }
                      ;*monitorenter {reexecute=0 rethrow=0 return_oop=0}
                      ; - jdk.internal.loader.BuiltinClassLoader::loadClassOrNull@7
  0x0000021042ad2a50: 5c07 4889 | 7424 0848 

  0x0000021042ad2a58: ;   {runtime_call monitorenter_nofpu Runtime1 stub}
  0x0000021042ad2a58: 8914 24e8 

  0x0000021042ad2a5c: ; ImmutableOopMap {rsi=Oop [104]=Oop [112]=Oop [128]=Oop [168]=Oop }
                      ;*monitorenter {reexecute=0 rethrow=0 return_oop=0}
                      ; - jdk.internal.loader.BuiltinClassLoader::loadClassOrNull@7
  0x0000021042ad2a5c: 20c1 5c07 | e9e4 f4ff 

  0x0000021042ad2a64: ;   {metadata({method} {0x00000210580259b8} 'findLoadedClass' '(Ljava/lang/String;)Ljava/lang/Class;' in 'java/lang/ClassLoader')}
  0x0000021042ad2a64: ff49 bab0 | 5902 5810 | 0200 004c | 8954 2408 | 48c7 0424 | ffff ffff 

  0x0000021042ad2a7c: ;   {runtime_call counter_overflow Runtime1 stub}
  0x0000021042ad2a7c: e8ff e15c 

  0x0000021042ad2a80: ; ImmutableOopMap {[104]=Oop [112]=Oop [128]=Oop [168]=Oop }
                      ;*synchronization entry
                      ; - java.lang.ClassLoader::findLoadedClass@-1
                      ; - jdk.internal.loader.BuiltinClassLoader::loadClassOrNull@10
  0x0000021042ad2a80: 07e9 01f5 

  0x0000021042ad2a84: ;   {runtime_call throw_null_pointer_exception Runtime1 stub}
  0x0000021042ad2a84: ffff e8f5 

  0x0000021042ad2a88: ; ImmutableOopMap {rax=Oop rdx=Oop [104]=Oop [112]=Oop [128]=Oop [136]=Oop [168]=Oop }
                      ;*invokevirtual loader {reexecute=0 rethrow=0 return_oop=0}
                      ; - jdk.internal.loader.BuiltinClassLoader::loadClassOrNull@34
                      ;   {metadata({method} {0x00000210581676a8} 'isModuleSystemInited' '()Z' in 'jdk/internal/misc/VM')}
  0x0000021042ad2a88: 905c 0749 | baa0 7616 | 5810 0200 | 004c 8954 | 2408 48c7 | 0424 ffff 

  0x0000021042ad2aa0: ;   {runtime_call counter_overflow Runtime1 stub}
  0x0000021042ad2aa0: ffff e8d9 

  0x0000021042ad2aa4: ; ImmutableOopMap {rax=Oop rdx=Oop [104]=Oop [112]=Oop [128]=Oop [136]=Oop [168]=Oop }
                      ;*synchronization entry
                      ; - jdk.internal.misc.VM::isModuleSystemInited@-1
                      ; - jdk.internal.loader.BuiltinClassLoader::loadClassOrNull@45
  0x0000021042ad2aa4: e15c 07e9 | a9f6 ffff 

  0x0000021042ad2aac: ;   {metadata({method} {0x0000021058101ae8} 'findClassInModuleOrNull' '(Ljdk/internal/loader/BuiltinClassLoader$LoadedModule;Ljava/lang/String;)Ljava/lang/Class;' in 'jdk/internal/loader/BuiltinClassLoader')}
  0x0000021042ad2aac: 49ba e01a | 1058 1002 | 0000 4c89 | 5424 0848 | c704 24ff 

  0x0000021042ad2ac0: ;   {runtime_call counter_overflow Runtime1 stub}
  0x0000021042ad2ac0: ffff ffe8 

  0x0000021042ad2ac4: ; ImmutableOopMap {rdx=Oop rax=Oop [104]=Oop [112]=Oop [128]=Oop [168]=Oop }
                      ;*synchronization entry
                      ; - jdk.internal.loader.BuiltinClassLoader::findClassInModuleOrNull@-1
                      ; - jdk.internal.loader.BuiltinClassLoader::loadClassOrNull@55
  0x0000021042ad2ac4: b8e1 5c07 | e96c f7ff 

  0x0000021042ad2acc: ;   {metadata({method} {0x000002105802bbf8} 'getSecurityManager' '()Ljava/lang/SecurityManager;' in 'java/lang/System')}
  0x0000021042ad2acc: ff49 baf0 | bb02 5810 | 0200 004c | 8954 2408 | 48c7 0424 | ffff ffff 

  0x0000021042ad2ae4: ;   {runtime_call counter_overflow Runtime1 stub}
  0x0000021042ad2ae4: e897 e15c 

  0x0000021042ad2ae8: ; ImmutableOopMap {rdx=Oop rax=Oop [104]=Oop [112]=Oop [128]=Oop [168]=Oop }
                      ;*synchronization entry
                      ; - java.lang.System::getSecurityManager@-1
                      ; - jdk.internal.loader.BuiltinClassLoader::findClassInModuleOrNull@0
                      ; - jdk.internal.loader.BuiltinClassLoader::loadClassOrNull@55
  0x0000021042ad2ae8: 07e9 89f7 

  0x0000021042ad2aec: ;   {metadata({method} {0x000002105802b030} 'allowSecurityManager' '()Z' in 'java/lang/System')}
  0x0000021042ad2aec: ffff 49ba | 28b0 0258 | 1002 0000 | 4c89 5424 | 0848 c704 | 24ff ffff 

  0x0000021042ad2b04: ;   {runtime_call counter_overflow Runtime1 stub}
  0x0000021042ad2b04: ffe8 76e1 

  0x0000021042ad2b08: ; ImmutableOopMap {rdx=Oop rax=Oop [104]=Oop [112]=Oop [128]=Oop [168]=Oop }
                      ;*synchronization entry
                      ; - java.lang.System::allowSecurityManager@-1
                      ; - java.lang.System::getSecurityManager@0
                      ; - jdk.internal.loader.BuiltinClassLoader::findClassInModuleOrNull@0
                      ; - jdk.internal.loader.BuiltinClassLoader::loadClassOrNull@55
  0x0000021042ad2b08: 5c07 e9a6 

  0x0000021042ad2b0c: ;   {runtime_call throw_null_pointer_exception Runtime1 stub}
  0x0000021042ad2b0c: f7ff ffe8 

  0x0000021042ad2b10: ; ImmutableOopMap {rsi=Oop [104]=Oop [112]=Oop [128]=Oop [168]=Oop }
                      ;*invokevirtual loadClassOrNull {reexecute=0 rethrow=0 return_oop=0}
                      ; - jdk.internal.loader.BuiltinClassLoader::loadClassOrNull@66
  0x0000021042ad2b10: 6c90 5c07 

  0x0000021042ad2b14: ;   {metadata({method} {0x0000021058101868} 'loadClassOrNull' '(Ljava/lang/String;)Ljava/lang/Class;' in 'jdk/internal/loader/BuiltinClassLoader')}
  0x0000021042ad2b14: 49ba 6018 | 1058 1002 | 0000 4c89 | 5424 0848 | c704 24ff 

  0x0000021042ad2b28: ;   {runtime_call counter_overflow Runtime1 stub}
  0x0000021042ad2b28: ffff ffe8 

  0x0000021042ad2b2c: ; ImmutableOopMap {rsi=Oop [104]=Oop [112]=Oop [128]=Oop [168]=Oop }
                      ;*synchronization entry
                      ; - jdk.internal.loader.BuiltinClassLoader::loadClassOrNull@-1
                      ; - jdk.internal.loader.BuiltinClassLoader::loadClassOrNull@66
  0x0000021042ad2b2c: 50e1 5c07 | e944 f8ff 

  0x0000021042ad2b34: ;   {runtime_call throw_null_pointer_exception Runtime1 stub}
  0x0000021042ad2b34: ffe8 4690 

  0x0000021042ad2b38: ; ImmutableOopMap {rsi=Oop [104]=Oop [112]=Oop [128]=Oop [168]=Oop }
                      ;*invokevirtual loadClassOrNull {reexecute=0 rethrow=0 return_oop=0}
                      ; - jdk.internal.loader.BuiltinClassLoader::loadClassOrNull@86
                      ;   {metadata({method} {0x0000021058101868} 'loadClassOrNull' '(Ljava/lang/String;)Ljava/lang/Class;' in 'jdk/internal/loader/BuiltinClassLoader')}
  0x0000021042ad2b38: 5c07 49ba | 6018 1058 | 1002 0000 | 4c89 5424 | 0848 c704 | 24ff ffff 

  0x0000021042ad2b50: ;   {runtime_call counter_overflow Runtime1 stub}
  0x0000021042ad2b50: ffe8 2ae1 

  0x0000021042ad2b54: ; ImmutableOopMap {rsi=Oop [104]=Oop [112]=Oop [128]=Oop [168]=Oop }
                      ;*synchronization entry
                      ; - jdk.internal.loader.BuiltinClassLoader::loadClassOrNull@-1
                      ; - jdk.internal.loader.BuiltinClassLoader::loadClassOrNull@86
  0x0000021042ad2b54: 5c07 e979 

  0x0000021042ad2b58: ;   {metadata({method} {0x0000021058100688} 'hasClassPath' '()Z' in 'jdk/internal/loader/BuiltinClassLoader')}
  0x0000021042ad2b58: f9ff ff49 | ba80 0610 | 5810 0200 | 004c 8954 | 2408 48c7 | 0424 ffff 

  0x0000021042ad2b70: ;   {runtime_call counter_overflow Runtime1 stub}
  0x0000021042ad2b70: ffff e809 

  0x0000021042ad2b74: ; ImmutableOopMap {rdx=Oop rsi=Oop [104]=Oop [112]=Oop [128]=Oop [168]=Oop }
                      ;*synchronization entry
                      ; - jdk.internal.loader.BuiltinClassLoader::hasClassPath@-1
                      ; - jdk.internal.loader.BuiltinClassLoader::loadClassOrNull@97
  0x0000021042ad2b74: e15c 07e9 | 0cfb ffff 

  0x0000021042ad2b7c: ;   {metadata({method} {0x00000210581676a8} 'isModuleSystemInited' '()Z' in 'jdk/internal/misc/VM')}
  0x0000021042ad2b7c: 49ba a076 | 1658 1002 | 0000 4c89 | 5424 0848 | c704 24ff 

  0x0000021042ad2b90: ;   {runtime_call counter_overflow Runtime1 stub}
  0x0000021042ad2b90: ffff ffe8 

  0x0000021042ad2b94: ; ImmutableOopMap {rdx=Oop rsi=Oop [104]=Oop [112]=Oop [128]=Oop [168]=Oop }
                      ;*synchronization entry
                      ; - jdk.internal.misc.VM::isModuleSystemInited@-1
                      ; - jdk.internal.loader.BuiltinClassLoader::loadClassOrNull@103
  0x0000021042ad2b94: e8e0 5c07 | e9b2 fbff 

  0x0000021042ad2b9c: ;   {metadata({method} {0x00000210580256a8} 'resolveClass' '(Ljava/lang/Class;)V' in 'java/lang/ClassLoader')}
  0x0000021042ad2b9c: ff49 baa0 | 5602 5810 | 0200 004c | 8954 2408 | 48c7 0424 | ffff ffff 

  0x0000021042ad2bb4: ;   {runtime_call counter_overflow Runtime1 stub}
  0x0000021042ad2bb4: e8c7 e05c 

  0x0000021042ad2bb8: ; ImmutableOopMap {rsi=Oop [128]=Oop [168]=Oop }
                      ;*synchronization entry
                      ; - java.lang.ClassLoader::resolveClass@-1
                      ; - jdk.internal.loader.BuiltinClassLoader::loadClassOrNull@128
  0x0000021042ad2bb8: 07e9 fafc | ffff 488d | 8424 a000 | 0000 4889 

  0x0000021042ad2bc8: ;   {runtime_call monitorexit_nofpu Runtime1 stub}
  0x0000021042ad2bc8: 0424 e8b1 | c55c 07e9 | 3dfd ffff 

  0x0000021042ad2bd4: ;   {internal_word}
  0x0000021042ad2bd4: 49ba 1c29 | ad42 1002 | 0000 4d89 | 9760 0400 

  0x0000021042ad2be4: ;   {runtime_call SafepointBlob}
  0x0000021042ad2be4: 00e9 162b 

  0x0000021042ad2be8: ;   {metadata(nullptr)}
  0x0000021042ad2be8: 5107 48ba | 0000 0000 | 0000 0000 | b800 0f05 

  0x0000021042ad2bf8: ;   {runtime_call load_klass_patching Runtime1 stub}
  0x0000021042ad2bf8: 0ae8 02d0 

  0x0000021042ad2bfc: ; ImmutableOopMap {[128]=Oop [152]=Oop [168]=Oop }
                      ;*new {reexecute=1 rethrow=0 return_oop=0}
                      ; - (reexecute) java.lang.ClassLoader::resolveClass@4
                      ; - jdk.internal.loader.BuiltinClassLoader::loadClassOrNull@128
  0x0000021042ad2bfc: 5c07 e935 | fdff ff48 

  0x0000021042ad2c04: ;   {runtime_call fast_new_instance Runtime1 stub}
  0x0000021042ad2c04: 8bd2 e875 

  0x0000021042ad2c08: ; ImmutableOopMap {[128]=Oop [152]=Oop [168]=Oop }
                      ;*new {reexecute=0 rethrow=0 return_oop=0}
                      ; - java.lang.ClassLoader::resolveClass@4
                      ; - jdk.internal.loader.BuiltinClassLoader::loadClassOrNull@128
  0x0000021042ad2c08: 985c 07e9 | 84fd ffff | 488d 8424 | a000 0000 | 4889 0424 

  0x0000021042ad2c1c: ;   {runtime_call monitorexit_nofpu Runtime1 stub}
  0x0000021042ad2c1c: e85f c55c | 07e9 fefd | ffff 498b | 87f8 0400 | 0049 c787 | f804 0000 | 0000 0000 | 49c7 8700 
  0x0000021042ad2c3c: 0500 0000 | 0000 0048 | 81c4 c000 

  0x0000021042ad2c48: ;   {runtime_call unwind_exception Runtime1 stub}
  0x0000021042ad2c48: 0000 5de9 | 3080 5c07 
[Stub Code]
  0x0000021042ad2c50: ;   {no_reloc}
  0x0000021042ad2c50: 0f1f 4400 

  0x0000021042ad2c54: ;   {static_stub}
  0x0000021042ad2c54: 0048 bb00 | 0000 0000 

  0x0000021042ad2c5c: ;   {runtime_call nmethod}
  0x0000021042ad2c5c: 0000 00e9 | fbff ffff 

  0x0000021042ad2c64: ;   {static_stub}
  0x0000021042ad2c64: 9048 bb00 | 0000 0000 

  0x0000021042ad2c6c: ;   {runtime_call nmethod}
  0x0000021042ad2c6c: 0000 00e9 | fbff ffff 

  0x0000021042ad2c74: ;   {static_stub}
  0x0000021042ad2c74: 9048 bb00 | 0000 0000 

  0x0000021042ad2c7c: ;   {runtime_call nmethod}
  0x0000021042ad2c7c: 0000 00e9 | fbff ffff 

  0x0000021042ad2c84: ;   {static_stub}
  0x0000021042ad2c84: 48bb 0000 | 0000 0000 

  0x0000021042ad2c8c: ;   {runtime_call nmethod}
  0x0000021042ad2c8c: 0000 e9fb 

  0x0000021042ad2c90: ;   {static_stub}
  0x0000021042ad2c90: ffff ff48 | bb00 0000 | 0000 0000 

  0x0000021042ad2c9c: ;   {runtime_call nmethod}
  0x0000021042ad2c9c: 00e9 fbff 

  0x0000021042ad2ca0: ;   {static_stub}
  0x0000021042ad2ca0: ffff 48bb | 881d 1058 | 1002 0000 

  0x0000021042ad2cac: ;   {runtime_call I2C/C2I adapters}
  0x0000021042ad2cac: e9ba 8050 

  0x0000021042ad2cb0: ;   {static_stub}
  0x0000021042ad2cb0: 0748 bb00 | 0000 0000 

  0x0000021042ad2cb8: ;   {runtime_call nmethod}
  0x0000021042ad2cb8: 0000 00e9 | fbff ffff 

  0x0000021042ad2cc0: ;   {static_stub}
  0x0000021042ad2cc0: 48bb 0000 | 0000 0000 

  0x0000021042ad2cc8: ;   {runtime_call nmethod}
  0x0000021042ad2cc8: 0000 e9fb 

  0x0000021042ad2ccc: ;   {static_stub}
  0x0000021042ad2ccc: ffff ff48 | bb00 0000 | 0000 0000 

  0x0000021042ad2cd8: ;   {runtime_call nmethod}
  0x0000021042ad2cd8: 00e9 fbff 

  0x0000021042ad2cdc: ;   {runtime_call handle_exception_from_callee Runtime1 stub}
  0x0000021042ad2cdc: ffff e89d 

  0x0000021042ad2ce0: ;   {external_word}
  0x0000021042ad2ce0: ac5c 0748 | b900 ce23 | 0aff 7f00 | 0048 83e4 

  0x0000021042ad2cf0: ;   {runtime_call}
  0x0000021042ad2cf0: f048 b870 | 76f2 09ff | 7f00 00ff 

  0x0000021042ad2cfc: ;   {section_word}
  0x0000021042ad2cfc: d0f4 49ba | fe2c ad42 | 1002 0000 

  0x0000021042ad2d08: ;   {runtime_call DeoptimizationBlob}
  0x0000021042ad2d08: 4152 e991 | 1c51 07f4 
[/MachCode]


Compiled method (c1) 818  395       3       jdk.internal.loader.ClassLoaders$AppClassLoader::loadClass (40 bytes)
 total in heap  [0x0000021042ada090,0x0000021042ada7b0] = 1824
 relocation     [0x0000021042ada1f0,0x0000021042ada260] = 112
 main code      [0x0000021042ada260,0x0000021042ada5f8] = 920
 stub code      [0x0000021042ada5f8,0x0000021042ada650] = 88
 metadata       [0x0000021042ada650,0x0000021042ada688] = 56
 scopes data    [0x0000021042ada688,0x0000021042ada710] = 136
 scopes pcs     [0x0000021042ada710,0x0000021042ada7a0] = 144
 dependencies   [0x0000021042ada7a0,0x0000021042ada7b0] = 16

[Constant Pool (empty)]

[MachCode]
[Entry Point]
  # {method} {0x00000210581041f0} 'loadClass' '(Ljava/lang/String;Z)Ljava/lang/Class;' in 'jdk/internal/loader/ClassLoaders$AppClassLoader'
  # this:     rdx:rdx   = 'jdk/internal/loader/ClassLoaders$AppClassLoader'
  # parm0:    r8:r8     = 'java/lang/String'
  # parm1:    r9        = boolean
  #           [sp+0x80]  (sp of caller)
  0x0000021042ada260: 448b 5208 | 49bb 0000 | 0000 0800 | 0000 4d03 | d34c 3bd0 

  0x0000021042ada274: ;   {runtime_call ic_miss_stub}
  0x0000021042ada274: 0f85 0645 | 5007 660f | 1f44 0000 
[Verified Entry Point]
  0x0000021042ada280: 8984 2400 | 80ff ff55 | 4883 ec70 | 4181 7f20 | 0100 0000 

  0x0000021042ada294: ;   {runtime_call StubRoutines (final stubs)}
  0x0000021042ada294: 7405 e8c5 

  0x0000021042ada298: ;   {metadata(method data for {method} {0x00000210581041f0} 'loadClass' '(Ljava/lang/String;Z)Ljava/lang/Class;' in 'jdk/internal/loader/ClassLoaders$AppClassLoader')}
  0x0000021042ada298: f84e 0748 | be18 af77 | 5810 0200 | 008b becc | 0000 0083 | c702 89be | cc00 0000 | 81e7 fe07 
  0x0000021042ada2b8: 0000 85ff | 0f84 6402 

  0x0000021042ada2c0: ;   {metadata(method data for {method} {0x00000210581041f0} 'loadClass' '(Ljava/lang/String;Z)Ljava/lang/Class;' in 'jdk/internal/loader/ClassLoaders$AppClassLoader')}
  0x0000021042ada2c0: 0000 48be | 18af 7758 | 1002 0000 | 4883 8610 | 0100 0001 

  0x0000021042ada2d4: ;   {metadata(method data for {method} {0x000002105802bbf8} 'getSecurityManager' '()Ljava/lang/SecurityManager;' in 'java/lang/System')}
  0x0000021042ada2d4: 48be 60a1 | 4958 1002 | 0000 8bbe | cc00 0000 | 83c7 0289 | becc 0000 | 0081 e7fe | ff1f 0085 
  0x0000021042ada2f4: ff0f 844c 

  0x0000021042ada2f8: ;   {metadata(method data for {method} {0x000002105802bbf8} 'getSecurityManager' '()Ljava/lang/SecurityManager;' in 'java/lang/System')}
  0x0000021042ada2f8: 0200 0048 | be60 a149 | 5810 0200 | 0048 8386 | 1001 0000 

  0x0000021042ada30c: ;   {metadata(method data for {method} {0x000002105802b030} 'allowSecurityManager' '()Z' in 'java/lang/System')}
  0x0000021042ada30c: 0148 bed8 | a249 5810 | 0200 008b | becc 0000 | 0083 c702 | 89be cc00 | 0000 81e7 | feff 1f00 
  0x0000021042ada32c: 85ff 0f84 | 3402 0000 

  0x0000021042ada334: ;   {metadata(method data for {method} {0x000002105802b030} 'allowSecurityManager' '()Z' in 'java/lang/System')}
  0x0000021042ada334: 48be d8a2 | 4958 1002 | 0000 ff86 | 1001 0000 

  0x0000021042ada344: ;   {metadata(method data for {method} {0x000002105802bbf8} 'getSecurityManager' '()Ljava/lang/SecurityManager;' in 'java/lang/System')}
  0x0000021042ada344: 48be 60a1 | 4958 1002 | 0000 ff86 | 2001 0000 

  0x0000021042ada354: ;   {metadata(method data for {method} {0x00000210581041f0} 'loadClass' '(Ljava/lang/String;Z)Ljava/lang/Class;' in 'jdk/internal/loader/ClassLoaders$AppClassLoader')}
  0x0000021042ada354: 48be 18af | 7758 1002 | 0000 ff86 | 2001 0000 

  0x0000021042ada364: ;   {metadata(method data for {method} {0x00000210581041f0} 'loadClass' '(Ljava/lang/String;Z)Ljava/lang/Class;' in 'jdk/internal/loader/ClassLoaders$AppClassLoader')}
  0x0000021042ada364: 488b f248 | bf18 af77 | 5810 0200 | 0048 8387 | 0802 0000 

  0x0000021042ada378: ;   {metadata(method data for {method} {0x0000021058101610} 'loadClass' '(Ljava/lang/String;Z)Ljava/lang/Class;' in 'jdk/internal/loader/BuiltinClassLoader')}
  0x0000021042ada378: 0148 beb0 | ee76 5810 | 0200 008b | becc 0000 | 0083 c702 | 89be cc00 | 0000 81e7 | feff 1f00 
  0x0000021042ada398: 85ff 0f84 | e901 0000 

  0x0000021042ada3a0: ;   {metadata(method data for {method} {0x0000021058101610} 'loadClass' '(Ljava/lang/String;Z)Ljava/lang/Class;' in 'jdk/internal/loader/BuiltinClassLoader')}
  0x0000021042ada3a0: 488b f248 | bfb0 ee76 | 5810 0200 | 008b 7608 | 49ba 0000 | 0000 0800 | 0000 4903 | f248 3bb7 
  0x0000021042ada3c0: 2001 0000 | 750d 4883 | 8728 0100 | 0001 e960 | 0000 0048 | 3bb7 3001 | 0000 750d | 4883 8738 
  0x0000021042ada3e0: 0100 0001 | e94a 0000 | 0048 83bf | 2001 0000 | 0075 1748 | 89b7 2001 | 0000 48c7 | 8728 0100 
  0x0000021042ada400: 0001 0000 | 00e9 2900 | 0000 4883 | bf30 0100 | 0000 7517 | 4889 b730 | 0100 0048 | c787 3801 
  0x0000021042ada420: 0000 0100 | 0000 e908 | 0000 0048 | 8387 1001 | 0000 0149 | 8bf0 4c8b | c648 8974 

  0x0000021042ada43c: ;   {optimized virtual_call}
  0x0000021042ada43c: 2450 90e8 

  0x0000021042ada440: ; ImmutableOopMap {[80]=Oop }
                      ;*invokevirtual loadClassOrNull {reexecute=0 rethrow=0 return_oop=0}
                      ; - jdk.internal.loader.BuiltinClassLoader::loadClass@3
                      ; - jdk.internal.loader.ClassLoaders$AppClassLoader::loadClass@36
  0x0000021042ada440: bc79 ffff 

  0x0000021042ada444: ;   {other}
  0x0000021042ada444: 0f1f 8400 | b403 0000 

  0x0000021042ada44c: ;   {metadata(method data for {method} {0x0000021058101610} 'loadClass' '(Ljava/lang/String;Z)Ljava/lang/Class;' in 'jdk/internal/loader/BuiltinClassLoader')}
  0x0000021042ada44c: 4885 c048 | bab0 ee76 | 5810 0200 | 0048 c7c6 | 5801 0000 | 7407 48c7 | c648 0100 | 0048 8b3c 
  0x0000021042ada46c: 3248 8d7f | 0148 893c | 320f 8413 | 0000 0048 | 83c4 705d 

  0x0000021042ada480: ;   {poll_return}
  0x0000021042ada480: 493b a748 | 0400 000f | 871d 0100 | 00c3 4c8b 

  0x0000021042ada490: ;   {metadata('java/lang/ClassNotFoundException')}
  0x0000021042ada490: 4424 5048 | baa0 4e04 | 0008 0000 | 0049 8b87 | b801 0000 | 488d 7828 | 493b bfc8 | 0100 000f 
  0x0000021042ada4b0: 870b 0100 | 0049 89bf | b801 0000 | 48c7 0001 | 0000 0048 | 8bca 49ba | 0000 0000 | 0800 0000 
  0x0000021042ada4d0: 492b ca89 | 4808 4833 | c989 480c | 4833 c948 | 8948 1048 | 8948 1848 | 8948 2048 

  0x0000021042ada4ec: ;   {metadata(method data for {method} {0x0000021058101610} 'loadClass' '(Ljava/lang/String;Z)Ljava/lang/Class;' in 'jdk/internal/loader/BuiltinClassLoader')}
  0x0000021042ada4ec: 8bd0 48be | b0ee 7658 | 1002 0000 | 4883 8668 | 0100 0001 | 488b d048 | 8944 2458 | 0f1f 8000 
  0x0000021042ada50c: ;   {optimized virtual_call}
  0x0000021042ada50c: 0000 00e8 

  0x0000021042ada510: ; ImmutableOopMap {[88]=Oop }
                      ;*invokespecial <init> {reexecute=0 rethrow=0 return_oop=0}
                      ; - jdk.internal.loader.BuiltinClassLoader::loadClass@16
                      ; - jdk.internal.loader.ClassLoaders$AppClassLoader::loadClass@36
  0x0000021042ada510: 6c45 5007 

  0x0000021042ada514: ;   {other}
  0x0000021042ada514: 0f1f 8400 | 8404 0001 | 488b 4424 | 58e9 c400 

  0x0000021042ada524: ;   {metadata({method} {0x00000210581041f0} 'loadClass' '(Ljava/lang/String;Z)Ljava/lang/Class;' in 'jdk/internal/loader/ClassLoaders$AppClassLoader')}
  0x0000021042ada524: 0000 49ba | e841 1058 | 1002 0000 | 4c89 5424 | 0848 c704 | 24ff ffff 

  0x0000021042ada53c: ;   {runtime_call counter_overflow Runtime1 stub}
  0x0000021042ada53c: ffe8 3e67 

  0x0000021042ada540: ; ImmutableOopMap {rdx=Oop r8=Oop }
                      ;*synchronization entry
                      ; - jdk.internal.loader.ClassLoaders$AppClassLoader::loadClass@-1
  0x0000021042ada540: 5c07 e97b 

  0x0000021042ada544: ;   {metadata({method} {0x000002105802bbf8} 'getSecurityManager' '()Ljava/lang/SecurityManager;' in 'java/lang/System')}
  0x0000021042ada544: fdff ff49 | baf0 bb02 | 5810 0200 | 004c 8954 | 2408 48c7 | 0424 ffff 

  0x0000021042ada55c: ;   {runtime_call counter_overflow Runtime1 stub}
  0x0000021042ada55c: ffff e81d 

  0x0000021042ada560: ; ImmutableOopMap {rdx=Oop r8=Oop }
                      ;*synchronization entry
                      ; - java.lang.System::getSecurityManager@-1
                      ; - jdk.internal.loader.ClassLoaders$AppClassLoader::loadClass@0
  0x0000021042ada560: 675c 07e9 | 93fd ffff 

  0x0000021042ada568: ;   {metadata({method} {0x000002105802b030} 'allowSecurityManager' '()Z' in 'java/lang/System')}
  0x0000021042ada568: 49ba 28b0 | 0258 1002 | 0000 4c89 | 5424 0848 | c704 24ff 

  0x0000021042ada57c: ;   {runtime_call counter_overflow Runtime1 stub}
  0x0000021042ada57c: ffff ffe8 

  0x0000021042ada580: ; ImmutableOopMap {rdx=Oop r8=Oop }
                      ;*synchronization entry
                      ; - java.lang.System::allowSecurityManager@-1
                      ; - java.lang.System::getSecurityManager@0
                      ; - jdk.internal.loader.ClassLoaders$AppClassLoader::loadClass@0
  0x0000021042ada580: fc66 5c07 | e9ab fdff 

  0x0000021042ada588: ;   {metadata({method} {0x0000021058101610} 'loadClass' '(Ljava/lang/String;Z)Ljava/lang/Class;' in 'jdk/internal/loader/BuiltinClassLoader')}
  0x0000021042ada588: ff49 ba08 | 1610 5810 | 0200 004c | 8954 2408 | 48c7 0424 | ffff ffff 

  0x0000021042ada5a0: ;   {runtime_call counter_overflow Runtime1 stub}
  0x0000021042ada5a0: e8db 665c 

  0x0000021042ada5a4: ; ImmutableOopMap {rdx=Oop r8=Oop }
                      ;*synchronization entry
                      ; - jdk.internal.loader.BuiltinClassLoader::loadClass@-1
                      ; - jdk.internal.loader.ClassLoaders$AppClassLoader::loadClass@36
  0x0000021042ada5a4: 07e9 f6fd 

  0x0000021042ada5a8: ;   {internal_word}
  0x0000021042ada5a8: ffff 49ba | 80a4 ad42 | 1002 0000 | 4d89 9760 

  0x0000021042ada5b8: ;   {runtime_call SafepointBlob}
  0x0000021042ada5b8: 0400 00e9 | 40b1 5007 

  0x0000021042ada5c0: ;   {runtime_call fast_new_instance Runtime1 stub}
  0x0000021042ada5c0: 488b d2e8 

  0x0000021042ada5c4: ; ImmutableOopMap {r8=Oop }
                      ;*new {reexecute=0 rethrow=0 return_oop=0}
                      ; - jdk.internal.loader.BuiltinClassLoader::loadClass@11
                      ; - jdk.internal.loader.ClassLoaders$AppClassLoader::loadClass@36
  0x0000021042ada5c4: b81e 5c07 | e91e ffff | ff49 8b87 | f804 0000 | 49c7 87f8 | 0400 0000 | 0000 0049 | c787 0005 
  0x0000021042ada5e4: 0000 0000 | 0000 4883 

  0x0000021042ada5ec: ;   {runtime_call unwind_exception Runtime1 stub}
  0x0000021042ada5ec: c470 5de9 | 8c06 5c07 | f4f4 f4f4 
[Stub Code]
  0x0000021042ada5f8: ;   {no_reloc}
  0x0000021042ada5f8: 0f1f 4400 

  0x0000021042ada5fc: ;   {static_stub}
  0x0000021042ada5fc: 0048 bb00 | 0000 0000 

  0x0000021042ada604: ;   {runtime_call nmethod}
  0x0000021042ada604: 0000 00e9 | fbff ffff 

  0x0000021042ada60c: ;   {static_stub}
  0x0000021042ada60c: 48bb 0000 | 0000 0000 

  0x0000021042ada614: ;   {runtime_call nmethod}
  0x0000021042ada614: 0000 e9fb 

  0x0000021042ada618: ;   {runtime_call handle_exception_from_callee Runtime1 stub}
  0x0000021042ada618: ffff ffe8 | 6033 5c07 

  0x0000021042ada620: ;   {external_word}
  0x0000021042ada620: 48b9 00ce | 230a ff7f | 0000 4883 

  0x0000021042ada62c: ;   {runtime_call}
  0x0000021042ada62c: e4f0 48b8 | 7076 f209 | ff7f 0000 

  0x0000021042ada638: ;   {section_word}
  0x0000021042ada638: ffd0 f449 | ba3b a6ad | 4210 0200 

  0x0000021042ada644: ;   {runtime_call DeoptimizationBlob}
  0x0000021042ada644: 0041 52e9 | 54a3 5007 | f4f4 f4f4 
[/MachCode]


---------------  P R O C E S S  ---------------

Threads class SMR info:
_java_thread_list=0x0000021057596200, length=11, elements={
0x000002103f909830, 0x0000021057107390, 0x000002105710a0b0, 0x00000210571148d0,
0x00000210570ea590, 0x00000210570f2ff0, 0x0000021057114f80, 0x000002105711cdd0,
0x000002105711dc80, 0x0000021057117d70, 0x00000210571169c0
}

Java Threads: ( => current thread )
=>0x000002103f909830 JavaThread "main"                              [_thread_in_vm, id=9112, stack(0x000000b5bbd00000,0x000000b5bbe00000) (1024K)]
  0x0000021057107390 JavaThread "Reference Handler"          daemon [_thread_blocked, id=3800, stack(0x000000b5bc500000,0x000000b5bc600000) (1024K)]
  0x000002105710a0b0 JavaThread "Finalizer"                  daemon [_thread_blocked, id=2164, stack(0x000000b5bc600000,0x000000b5bc700000) (1024K)]
  0x00000210571148d0 JavaThread "Signal Dispatcher"          daemon [_thread_blocked, id=13508, stack(0x000000b5bc700000,0x000000b5bc800000) (1024K)]
  0x00000210570ea590 JavaThread "Attach Listener"            daemon [_thread_blocked, id=16380, stack(0x000000b5bc800000,0x000000b5bc900000) (1024K)]
  0x00000210570f2ff0 JavaThread "Service Thread"             daemon [_thread_blocked, id=11972, stack(0x000000b5bc900000,0x000000b5bca00000) (1024K)]
  0x0000021057114f80 JavaThread "Monitor Deflation Thread"   daemon [_thread_blocked, id=15340, stack(0x000000b5bca00000,0x000000b5bcb00000) (1024K)]
  0x000002105711cdd0 JavaThread "C2 CompilerThread0"         daemon [_thread_blocked, id=488, stack(0x000000b5bcb00000,0x000000b5bcc00000) (1024K)]
  0x000002105711dc80 JavaThread "C1 CompilerThread0"         daemon [_thread_blocked, id=1808, stack(0x000000b5bcc00000,0x000000b5bcd00000) (1024K)]
  0x0000021057117d70 JavaThread "Common-Cleaner"             daemon [_thread_blocked, id=5912, stack(0x000000b5bcd00000,0x000000b5bce00000) (1024K)]
  0x00000210571169c0 JavaThread "Notification Thread"        daemon [_thread_blocked, id=16128, stack(0x000000b5bce00000,0x000000b5bcf00000) (1024K)]
Total: 11

Other Threads:
  0x000002105709bef0 VMThread "VM Thread"                           [id=12152, stack(0x000000b5bc400000,0x000000b5bc500000) (1024K)]
  0x000002103f9c9050 WatcherThread "VM Periodic Task Thread"        [id=1692, stack(0x000000b5bc300000,0x000000b5bc400000) (1024K)]
  0x000002103f952ae0 WorkerThread "GC Thread#0"                     [id=15960, stack(0x000000b5bbe00000,0x000000b5bbf00000) (1024K)]
  0x0000021057631910 WorkerThread "GC Thread#1"                     [id=1600, stack(0x000000b5bcf00000,0x000000b5bd000000) (1024K)]
  0x00000210576d7d60 WorkerThread "GC Thread#2"                     [id=10132, stack(0x000000b5bd000000,0x000000b5bd100000) (1024K)]
  0x0000021057723860 WorkerThread "GC Thread#3"                     [id=15688, stack(0x000000b5bd100000,0x000000b5bd200000) (1024K)]
  0x000002103f95d8d0 ConcurrentGCThread "G1 Main Marker"            [id=13408, stack(0x000000b5bbf00000,0x000000b5bc000000) (1024K)]
  0x000002103f95e540 WorkerThread "G1 Conc#0"                       [id=11156, stack(0x000000b5bc000000,0x000000b5bc100000) (1024K)]
  0x000002103f97bd60 ConcurrentGCThread "G1 Refine#0"               [id=9416, stack(0x000000b5bc100000,0x000000b5bc200000) (1024K)]
  0x000002103f97c8d0 ConcurrentGCThread "G1 Service"                [id=1908, stack(0x000000b5bc200000,0x000000b5bc300000) (1024K)]
Total: 10

Threads with active compile tasks:
Total: 0

VM state: not at safepoint (normal execution)

VM Mutex/Monitor currently owned by a thread:  ([mutex/lock_event])
[0x00007fff0a4ab160] Metaspace_lock - owner thread: 0x000002103f909830

Heap address: 0x0000000761e00000, size: 2530 MB, Compressed Oops mode: Zero based, Oop shift amount: 3

CDS archive(s) not mapped
Compressed class space mapped at: 0x0000000800000000-0x0000000840000000, reserved size: 1073741824
Narrow klass base: 0x0000000800000000, Narrow klass shift: 0, Narrow klass range: 0x40000000

GC Precious Log:
 CardTable entry size: 512
 Card Set container configuration: InlinePtr #cards 4 size 8 Array Of Cards #cards 16 size 48 Howl #buckets 8 coarsen threshold 3686 Howl Bitmap #cards 512 size 80 coarsen threshold 460 Card regions per heap region 1 cards per card region 4096
 CPUs: 4 total, 4 available
 Memory: 10116M
 Large Page Support: Disabled
 NUMA Support: Disabled
 Compressed Oops: Enabled (Zero based)
 Heap Region Size: 2M
 Heap Min Capacity: 8M
 Heap Initial Capacity: 8M
 Heap Max Capacity: 2530M
 Pre-touch: Disabled
 Parallel Workers: 4
 Concurrent Workers: 1
 Concurrent Refinement Workers: 4
 Periodic GC: Disabled

Heap:
 garbage-first heap   total 8192K, used 1064K [0x0000000761e00000, 0x0000000800000000)
  region size 2048K, 2 young (4096K), 1 survivors (2048K)
 Metaspace       used 9371K, committed 9536K, reserved 1114112K
  class space    used 945K, committed 1024K, reserved 1048576K

Heap Regions: E=young(eden), S=young(survivor), O=old, HS=humongous(starts), HC=humongous(continues), CS=collection set, F=free, TAMS=top-at-mark-start, PB=parsable bottom
|   0|0x0000000761e00000, 0x0000000761e00000, 0x0000000762000000|  0%| F|  |TAMS 0x0000000761e00000| PB 0x0000000761e00000| Untracked 
|   1|0x0000000762000000, 0x0000000762000000, 0x0000000762200000|  0%| F|  |TAMS 0x0000000762000000| PB 0x0000000762000000| Untracked 
|   2|0x0000000762200000, 0x000000076230a028, 0x0000000762400000| 51%| S|CS|TAMS 0x0000000762200000| PB 0x0000000762200000| Complete 
|   3|0x0000000762400000, 0x00000007625cb158, 0x0000000762600000| 89%| E|  |TAMS 0x0000000762400000| PB 0x0000000762400000| Complete 

Card table byte_map: [0x0000021051f60000,0x0000021052460000] _byte_map_base: 0x000002104e451000

Marking Bits: (CMBitMap*) 0x000002103f9531e0
 Bits: [0x0000021052460000, 0x0000021054be8000)

Polling page: 0x000002103d870000

Metaspace:

Usage:
  Non-class:      8.23 MB used.
      Class:    945.72 KB used.
       Both:      9.15 MB used.

Virtual space:
  Non-class space:       64.00 MB reserved,       8.31 MB ( 13%) committed,  1 nodes.
      Class space:        1.00 GB reserved,       1.00 MB ( <1%) committed,  1 nodes.
             Both:        1.06 GB reserved,       9.31 MB ( <1%) committed. 

Chunk freelists:
   Non-Class:  6.78 MB
       Class:  14.98 MB
        Both:  21.77 MB

MaxMetaspaceSize: unlimited
CompressedClassSpaceSize: 1.00 GB
Initial GC threshold: 21.00 MB
Current GC threshold: 21.00 MB
CDS: off
 - commit_granule_bytes: 65536.
 - commit_granule_words: 8192.
 - virtual_space_node_default_size: 8388608.
 - enlarge_chunks_in_place: 1.
 - use_allocation_guard: 0.


Internal statistics:

num_allocs_failed_limit: 0.
num_arena_births: 40.
num_arena_deaths: 0.
num_vsnodes_births: 2.
num_vsnodes_deaths: 0.
num_space_committed: 149.
num_space_uncommitted: 0.
num_chunks_returned_to_freelist: 0.
num_chunks_taken_from_freelist: 144.
num_chunk_merges: 0.
num_chunk_splits: 85.
num_chunks_enlarged: 57.
num_inconsistent_stats: 0.

CodeHeap 'non-profiled nmethods': size=120000Kb used=177Kb max_used=177Kb free=119822Kb
 bounds [0x000002104a530000, 0x000002104a7a0000, 0x0000021051a60000]
CodeHeap 'profiled nmethods': size=120000Kb used=804Kb max_used=804Kb free=119195Kb
 bounds [0x0000021042a60000, 0x0000021042cd0000, 0x0000021049f90000]
CodeHeap 'non-nmethods': size=5760Kb used=1273Kb max_used=1287Kb free=4487Kb
 bounds [0x0000021049f90000, 0x000002104a200000, 0x000002104a530000]
 total_blobs=967 nmethods=559 adapters=313
 compilation: enabled
              stopped_count=0, restarted_count=0
 full_count=0

Compilation events (20 events):
Event: 0.665 Thread 0x000002105711dc80 nmethod 548 0x0000021042b1e990 code [0x0000021042b1ebe0, 0x0000021042b1f438]
Event: 0.665 Thread 0x000002105711dc80  549       3       java.nio.DirectByteBufferR::slice (5 bytes)
Event: 0.665 Thread 0x000002105711dc80 nmethod 549 0x0000021042b1f790 code [0x0000021042b1f940, 0x0000021042b1fa78]
Event: 0.665 Thread 0x000002105711dc80  550       3       java.nio.DirectByteBufferR::slice (74 bytes)
Event: 0.666 Thread 0x000002105711dc80 nmethod 550 0x0000021042b1fb10 code [0x0000021042b1fcc0, 0x0000021042b1ff78]
Event: 0.666 Thread 0x000002105711dc80  551       3       jdk.internal.jimage.BasicImageReader::getBufferBytes (20 bytes)
Event: 0.666 Thread 0x000002105711dc80 nmethod 551 0x0000021042b20090 code [0x0000021042b20260, 0x0000021042b20740]
Event: 0.666 Thread 0x000002105711dc80  554       3       jdk.internal.jimage.decompressor.CompressedResourceHeader::readFromResource (104 bytes)
Event: 0.667 Thread 0x000002105711dc80 nmethod 554 0x0000021042b20910 code [0x0000021042b20bc0, 0x0000021042b217b0]
Event: 0.667 Thread 0x000002105711dc80  555       3       java.security.CodeSource::getCertificates (95 bytes)
Event: 0.668 Thread 0x000002105711dc80 nmethod 555 0x0000021042b21c10 code [0x0000021042b21ea0, 0x0000021042b22a20]
Event: 0.668 Thread 0x000002105711dc80  552       3       java.nio.ByteBuffer::get (9 bytes)
Event: 0.668 Thread 0x000002105711dc80 nmethod 552 0x0000021042b22d10 code [0x0000021042b22ec0, 0x0000021042b230a0]
Event: 0.668 Thread 0x000002105711dc80  553       3       jdk.internal.jimage.ImageLocation::getContentOffset (6 bytes)
Event: 0.668 Thread 0x000002105711dc80 nmethod 553 0x0000021042b23190 code [0x0000021042b23340, 0x0000021042b234a0]
Event: 0.668 Thread 0x000002105711dc80  556       3       java.security.SecureClassLoader$CodeSourceKey::equals (60 bytes)
Event: 0.669 Thread 0x000002105711dc80 nmethod 556 0x0000021042b23590 code [0x0000021042b237a0, 0x0000021042b23df0]
Event: 0.671 Thread 0x000002105711cdd0  557       4       java.lang.StringLatin1::lastIndexOf (40 bytes)
Event: 0.672 Thread 0x000002105711dc80  558   !   3       jdk.internal.loader.BuiltinClassLoader::defineClass (162 bytes)
Event: 0.675 Thread 0x000002105711cdd0 nmethod 557 0x000002104a55c290 code [0x000002104a55c420, 0x000002104a55c600]

GC Heap History (6 events):
Event: 0.336 GC heap before
{Heap before GC invocations=0 (full 0):
 garbage-first heap   total 8192K, used 2048K [0x0000000761e00000, 0x0000000800000000)
  region size 2048K, 1 young (2048K), 0 survivors (0K)
 Metaspace       used 6453K, committed 6528K, reserved 1114112K
  class space    used 578K, committed 640K, reserved 1048576K
}
Event: 0.340 GC heap after
{Heap after GC invocations=1 (full 0):
 garbage-first heap   total 8192K, used 736K [0x0000000761e00000, 0x0000000800000000)
  region size 2048K, 1 young (2048K), 1 survivors (2048K)
 Metaspace       used 6453K, committed 6528K, reserved 1114112K
  class space    used 578K, committed 640K, reserved 1048576K
}
Event: 0.454 GC heap before
{Heap before GC invocations=1 (full 0):
 garbage-first heap   total 8192K, used 2784K [0x0000000761e00000, 0x0000000800000000)
  region size 2048K, 2 young (4096K), 1 survivors (2048K)
 Metaspace       used 7421K, committed 7616K, reserved 1114112K
  class space    used 689K, committed 768K, reserved 1048576K
}
Event: 0.456 GC heap after
{Heap after GC invocations=2 (full 0):
 garbage-first heap   total 8192K, used 975K [0x0000000761e00000, 0x0000000800000000)
  region size 2048K, 1 young (2048K), 1 survivors (2048K)
 Metaspace       used 7421K, committed 7616K, reserved 1114112K
  class space    used 689K, committed 768K, reserved 1048576K
}
Event: 0.585 GC heap before
{Heap before GC invocations=2 (full 0):
 garbage-first heap   total 8192K, used 3023K [0x0000000761e00000, 0x0000000800000000)
  region size 2048K, 2 young (4096K), 1 survivors (2048K)
 Metaspace       used 8429K, committed 8576K, reserved 1114112K
  class space    used 819K, committed 896K, reserved 1048576K
}
Event: 0.587 GC heap after
{Heap after GC invocations=3 (full 0):
 garbage-first heap   total 8192K, used 1064K [0x0000000761e00000, 0x0000000800000000)
  region size 2048K, 1 young (2048K), 1 survivors (2048K)
 Metaspace       used 8429K, committed 8576K, reserved 1114112K
  class space    used 819K, committed 896K, reserved 1048576K
}

Dll operation events (2 events):
Event: 0.011 Loaded shared library E:\LapTrinhAndroid\jbr\bin\java.dll
Event: 0.019 Loaded shared library E:\LapTrinhAndroid\jbr\bin\zip.dll

Deoptimization events (20 events):
Event: 0.374 Thread 0x000002103f909830 Uncommon trap: trap_request=0xffffffde fr.pc=0x000002104a53db4c relative=0x000000000000090c
Event: 0.374 Thread 0x000002103f909830 Uncommon trap: reason=class_check action=maybe_recompile pc=0x000002104a53db4c method=java.util.HashMap.putVal(ILjava/lang/Object;Ljava/lang/Object;ZZ)Ljava/lang/Object; @ 152 c2
Event: 0.374 Thread 0x000002103f909830 DEOPT PACKING pc=0x000002104a53db4c sp=0x000000b5bbdfd850
Event: 0.374 Thread 0x000002103f909830 DEOPT UNPACKING pc=0x0000021049fe46a2 sp=0x000000b5bbdfd7e0 mode 2
Event: 0.374 Thread 0x000002103f909830 Uncommon trap: trap_request=0xffffffde fr.pc=0x000002104a53db4c relative=0x000000000000090c
Event: 0.374 Thread 0x000002103f909830 Uncommon trap: reason=class_check action=maybe_recompile pc=0x000002104a53db4c method=java.util.HashMap.putVal(ILjava/lang/Object;Ljava/lang/Object;ZZ)Ljava/lang/Object; @ 152 c2
Event: 0.374 Thread 0x000002103f909830 DEOPT PACKING pc=0x000002104a53db4c sp=0x000000b5bbdfd850
Event: 0.374 Thread 0x000002103f909830 DEOPT UNPACKING pc=0x0000021049fe46a2 sp=0x000000b5bbdfd7e0 mode 2
Event: 0.374 Thread 0x000002103f909830 Uncommon trap: trap_request=0xffffffde fr.pc=0x000002104a53db4c relative=0x000000000000090c
Event: 0.374 Thread 0x000002103f909830 Uncommon trap: reason=class_check action=maybe_recompile pc=0x000002104a53db4c method=java.util.HashMap.putVal(ILjava/lang/Object;Ljava/lang/Object;ZZ)Ljava/lang/Object; @ 152 c2
Event: 0.374 Thread 0x000002103f909830 DEOPT PACKING pc=0x000002104a53db4c sp=0x000000b5bbdfd850
Event: 0.374 Thread 0x000002103f909830 DEOPT UNPACKING pc=0x0000021049fe46a2 sp=0x000000b5bbdfd7e0 mode 2
Event: 0.532 Thread 0x000002103f909830 Uncommon trap: trap_request=0xffffffde fr.pc=0x000002104a54f498 relative=0x0000000000000638
Event: 0.532 Thread 0x000002103f909830 Uncommon trap: reason=class_check action=maybe_recompile pc=0x000002104a54f498 method=java.util.HashMap.putVal(ILjava/lang/Object;Ljava/lang/Object;ZZ)Ljava/lang/Object; @ 253 c2
Event: 0.532 Thread 0x000002103f909830 DEOPT PACKING pc=0x000002104a54f498 sp=0x000000b5bbdfefa0
Event: 0.532 Thread 0x000002103f909830 DEOPT UNPACKING pc=0x0000021049fe46a2 sp=0x000000b5bbdfef50 mode 2
Event: 0.537 Thread 0x000002103f909830 Uncommon trap: trap_request=0xffffffde fr.pc=0x000002104a54f498 relative=0x0000000000000638
Event: 0.537 Thread 0x000002103f909830 Uncommon trap: reason=class_check action=maybe_recompile pc=0x000002104a54f498 method=java.util.HashMap.putVal(ILjava/lang/Object;Ljava/lang/Object;ZZ)Ljava/lang/Object; @ 253 c2
Event: 0.537 Thread 0x000002103f909830 DEOPT PACKING pc=0x000002104a54f498 sp=0x000000b5bbdfef10
Event: 0.537 Thread 0x000002103f909830 DEOPT UNPACKING pc=0x0000021049fe46a2 sp=0x000000b5bbdfeec0 mode 2

Classes loaded (20 events):
Event: 0.633 Loading class java/lang/invoke/BoundMethodHandle$Species_LL
Event: 0.633 Loading class java/lang/invoke/BoundMethodHandle$Species_LL done
Event: 0.635 Loading class java/lang/invoke/BoundMethodHandle$Species_LLL
Event: 0.635 Loading class java/lang/invoke/BoundMethodHandle$Species_LLL done
Event: 0.637 Loading class java/lang/Long$LongCache
Event: 0.638 Loading class java/lang/Long$LongCache done
Event: 0.638 Loading class java/lang/invoke/MethodHandles$1
Event: 0.638 Loading class java/lang/invoke/MethodHandles$1 done
Event: 0.638 Loading class java/lang/invoke/BoundMethodHandle$Species_LJ
Event: 0.638 Loading class java/lang/invoke/BoundMethodHandle$Species_LJ done
Event: 0.640 Loading class java/lang/invoke/BoundMethodHandle$Species_LLLL
Event: 0.640 Loading class java/lang/invoke/BoundMethodHandle$Species_LLLL done
Event: 0.652 Loading class java/io/StringWriter
Event: 0.652 Loading class java/io/StringWriter done
Event: 0.655 Loading class java/util/regex/Pattern$Curly
Event: 0.656 Loading class java/util/regex/Pattern$Curly done
Event: 0.656 Loading class java/util/regex/Pattern$Ques
Event: 0.656 Loading class java/util/regex/Pattern$Ques done
Event: 0.656 Loading class java/util/regex/Pattern$GroupCurly
Event: 0.656 Loading class java/util/regex/Pattern$GroupCurly done

Classes unloaded (0 events):
No events

Classes redefined (0 events):
No events

Internal exceptions (6 events):
Event: 0.489 Thread 0x000002103f909830 Exception <a 'java/lang/NoSuchMethodError'{0x00000007624c1e00}: 'void java.lang.invoke.DirectMethodHandle$Holder.invokeSpecial(java.lang.Object, java.lang.Object, java.lang.Object)'> (0x00000007624c1e00) 
thrown [s\src\hotspot\share\interpreter\linkResolver.cpp, line 784]
Event: 0.594 Thread 0x000002103f909830 Exception <a 'java/lang/NoSuchMethodError'{0x000000076242c6f0}: 'java.lang.Object java.lang.invoke.DirectMethodHandle$Holder.invokeVirtual(java.lang.Object, java.lang.Object, java.lang.Object)'> (0x000000076242c6f0) 
thrown [s\src\hotspot\share\interpreter\linkResolver.cpp, line 784]
Event: 0.599 Thread 0x000002103f909830 Exception <a 'java/lang/NoSuchMethodError'{0x00000007624363b8}: 'int java.lang.invoke.DirectMethodHandle$Holder.invokeInterface(java.lang.Object, java.lang.Object)'> (0x00000007624363b8) 
thrown [s\src\hotspot\share\interpreter\linkResolver.cpp, line 784]
Event: 0.623 Thread 0x000002103f909830 Exception <a 'sun/nio/fs/WindowsException'{0x0000000762497790}> (0x0000000762497790) 
thrown [s\src\hotspot\share\prims\jni.cpp, line 535]
Event: 0.625 Thread 0x000002103f909830 Exception <a 'java/lang/NoSuchMethodError'{0x000000076249de40}: 'int java.lang.invoke.DirectMethodHandle$Holder.invokeVirtual(java.lang.Object, java.lang.Object, java.lang.Object)'> (0x000000076249de40) 
thrown [s\src\hotspot\share\interpreter\linkResolver.cpp, line 784]
Event: 0.627 Thread 0x000002103f909830 Exception <a 'java/lang/NoSuchMethodError'{0x00000007624a3cb8}: 'void java.lang.invoke.DirectMethodHandle$Holder.invokeInterface(java.lang.Object, java.lang.Object, java.lang.Object)'> (0x00000007624a3cb8) 
thrown [s\src\hotspot\share\interpreter\linkResolver.cpp, line 784]

ZGC Phase Switch (0 events):
No events

VM Operations (14 events):
Event: 0.245 Executing VM operation: HandshakeAllThreads (Deoptimize)
Event: 0.245 Executing VM operation: HandshakeAllThreads (Deoptimize) done
Event: 0.336 Executing VM operation: G1CollectForAllocation (G1 Evacuation Pause)
Event: 0.340 Executing VM operation: G1CollectForAllocation (G1 Evacuation Pause) done
Event: 0.454 Executing VM operation: G1CollectForAllocation (G1 Evacuation Pause)
Event: 0.456 Executing VM operation: G1CollectForAllocation (G1 Evacuation Pause) done
Event: 0.496 Executing VM operation: HandshakeAllThreads (Deoptimize)
Event: 0.496 Executing VM operation: HandshakeAllThreads (Deoptimize) done
Event: 0.533 Executing VM operation: HandshakeAllThreads (Deoptimize)
Event: 0.533 Executing VM operation: HandshakeAllThreads (Deoptimize) done
Event: 0.584 Executing VM operation: G1CollectForAllocation (G1 Evacuation Pause)
Event: 0.587 Executing VM operation: G1CollectForAllocation (G1 Evacuation Pause) done
Event: 0.606 Executing VM operation: HandshakeAllThreads (Deoptimize)
Event: 0.606 Executing VM operation: HandshakeAllThreads (Deoptimize) done

Memory protections (0 events):
No events

Nmethod flushes (0 events):
No events

Events (15 events):
Event: 0.017 Thread 0x000002103f909830 Thread added: 0x000002103f909830
Event: 0.109 Thread 0x000002103f909830 Thread added: 0x0000021057107390
Event: 0.109 Thread 0x000002103f909830 Thread added: 0x000002105710a0b0
Event: 0.111 Thread 0x000002103f909830 Thread added: 0x00000210571148d0
Event: 0.111 Thread 0x000002103f909830 Thread added: 0x00000210570ea590
Event: 0.111 Thread 0x000002103f909830 Thread added: 0x00000210570f2ff0
Event: 0.111 Thread 0x000002103f909830 Thread added: 0x0000021057114f80
Event: 0.112 Thread 0x000002103f909830 Thread added: 0x000002105711cdd0
Event: 0.112 Thread 0x000002103f909830 Thread added: 0x000002105711dc80
Event: 0.212 Thread 0x000002103f909830 Thread added: 0x0000021057117d70
Event: 0.269 Thread 0x000002103f909830 Thread added: 0x00000210571169c0
Event: 0.288 Loaded shared library E:\LapTrinhAndroid\jbr\bin\jimage.dll
Event: 0.301 Loaded shared library E:\LapTrinhAndroid\jbr\bin\zip.dll
Event: 0.548 Loaded shared library E:\LapTrinhAndroid\jbr\bin\net.dll
Event: 0.553 Loaded shared library E:\LapTrinhAndroid\jbr\bin\nio.dll


Dynamic libraries:
0x00007ff6c9270000 - 0x00007ff6c9278000 	E:\LapTrinhAndroid\jbr\bin\javac.exe
0x00007fff9cff0000 - 0x00007fff9d207000 	C:\WINDOWS\SYSTEM32\ntdll.dll
0x00007fff9b990000 - 0x00007fff9ba54000 	C:\WINDOWS\System32\KERNEL32.DLL
0x00007fff9a8c0000 - 0x00007fff9ac93000 	C:\WINDOWS\System32\KERNELBASE.dll
0x00007fff9a7a0000 - 0x00007fff9a8b1000 	C:\WINDOWS\System32\ucrtbase.dll
0x00007fff73d30000 - 0x00007fff73d48000 	E:\LapTrinhAndroid\jbr\bin\jli.dll
0x00007fff77bc0000 - 0x00007fff77bdb000 	E:\LapTrinhAndroid\jbr\bin\VCRUNTIME140.dll
0x00007fff9b740000 - 0x00007fff9b8f1000 	C:\WINDOWS\System32\USER32.dll
0x00007fff9a190000 - 0x00007fff9a1b6000 	C:\WINDOWS\System32\win32u.dll
0x00007fff86150000 - 0x00007fff863e8000 	C:\WINDOWS\WinSxS\amd64_microsoft.windows.common-controls_6595b64144ccf1df_6.0.22621.5124_none_270e8f4f7386d69d\COMCTL32.dll
0x00007fff9cbf0000 - 0x00007fff9cc19000 	C:\WINDOWS\System32\GDI32.dll
0x00007fff9a590000 - 0x00007fff9a6ab000 	C:\WINDOWS\System32\gdi32full.dll
0x00007fff9bc80000 - 0x00007fff9bd27000 	C:\WINDOWS\System32\msvcrt.dll
0x00007fff9a470000 - 0x00007fff9a50a000 	C:\WINDOWS\System32\msvcp_win.dll
0x00007fff9cb00000 - 0x00007fff9cb31000 	C:\WINDOWS\System32\IMM32.DLL
0x00007fff7c120000 - 0x00007fff7c12c000 	E:\LapTrinhAndroid\jbr\bin\vcruntime140_1.dll
0x00007fff61a10000 - 0x00007fff61a9d000 	E:\LapTrinhAndroid\jbr\bin\msvcp140.dll
0x00007fff09900000 - 0x00007fff0a58a000 	E:\LapTrinhAndroid\jbr\bin\server\jvm.dll
0x00007fff9cd30000 - 0x00007fff9cde1000 	C:\WINDOWS\System32\ADVAPI32.dll
0x00007fff9cb40000 - 0x00007fff9cbe8000 	C:\WINDOWS\System32\sechost.dll
0x00007fff9a770000 - 0x00007fff9a798000 	C:\WINDOWS\System32\bcrypt.dll
0x00007fff9bd90000 - 0x00007fff9bea4000 	C:\WINDOWS\System32\RPCRT4.dll
0x00007fff9b900000 - 0x00007fff9b971000 	C:\WINDOWS\System32\WS2_32.dll
0x00007fff99fe0000 - 0x00007fff9a02d000 	C:\WINDOWS\SYSTEM32\POWRPROF.dll
0x00007fff96230000 - 0x00007fff96264000 	C:\WINDOWS\SYSTEM32\WINMM.dll
0x00007fff92790000 - 0x00007fff9279a000 	C:\WINDOWS\SYSTEM32\VERSION.dll
0x00007fff99fc0000 - 0x00007fff99fd3000 	C:\WINDOWS\SYSTEM32\UMPDC.dll
0x00007fff99140000 - 0x00007fff99158000 	C:\WINDOWS\SYSTEM32\kernel.appcore.dll
0x00007fff7be90000 - 0x00007fff7be9a000 	E:\LapTrinhAndroid\jbr\bin\jimage.dll
0x00007fff97c20000 - 0x00007fff97e52000 	C:\WINDOWS\SYSTEM32\DBGHELP.DLL
0x00007fff9ad70000 - 0x00007fff9b102000 	C:\WINDOWS\System32\combase.dll
0x00007fff9ced0000 - 0x00007fff9cfa7000 	C:\WINDOWS\System32\OLEAUT32.dll
0x00007fff7b570000 - 0x00007fff7b5a2000 	C:\WINDOWS\SYSTEM32\dbgcore.DLL
0x00007fff9a110000 - 0x00007fff9a18b000 	C:\WINDOWS\System32\bcryptPrimitives.dll
0x00007fff75930000 - 0x00007fff75950000 	E:\LapTrinhAndroid\jbr\bin\java.dll
0x00007fff66ad0000 - 0x00007fff66ae8000 	E:\LapTrinhAndroid\jbr\bin\zip.dll
0x00007fff9c1b0000 - 0x00007fff9ca46000 	C:\WINDOWS\System32\SHELL32.dll
0x00007fff9a330000 - 0x00007fff9a46f000 	C:\WINDOWS\System32\wintypes.dll
0x00007fff98040000 - 0x00007fff9895a000 	C:\WINDOWS\SYSTEM32\windows.storage.dll
0x00007fff9beb0000 - 0x00007fff9bfba000 	C:\WINDOWS\System32\SHCORE.dll
0x00007fff9aca0000 - 0x00007fff9ad03000 	C:\WINDOWS\System32\shlwapi.dll
0x00007fff9a040000 - 0x00007fff9a06b000 	C:\WINDOWS\SYSTEM32\profapi.dll
0x00007fff78560000 - 0x00007fff78570000 	E:\LapTrinhAndroid\jbr\bin\net.dll
0x00007fff95ce0000 - 0x00007fff95e0c000 	C:\WINDOWS\SYSTEM32\WINHTTP.dll
0x00007fff995c0000 - 0x00007fff9962a000 	C:\WINDOWS\system32\mswsock.dll
0x00007fff64070000 - 0x00007fff64086000 	E:\LapTrinhAndroid\jbr\bin\nio.dll

dbghelp: loaded successfully - version: 4.0.5 - missing functions: none
symbol engine: initialized successfully - sym options: 0x614 - pdb path: .;E:\LapTrinhAndroid\jbr\bin;C:\WINDOWS\SYSTEM32;C:\WINDOWS\WinSxS\amd64_microsoft.windows.common-controls_6595b64144ccf1df_6.0.22621.5124_none_270e8f4f7386d69d;E:\LapTrinhAndroid\jbr\bin\server

VM Arguments:
jvm_args: -Dapplication.home=E:\LapTrinhAndroid\jbr --add-modules=ALL-DEFAULT -Xms8m -Djdk.module.main=jdk.compiler 
java_command: jdk.compiler/com.sun.tools.javac.Main --system=none --patch-module=java.base=E:\SDK\platforms\android-35\core-for-system-modules.jar -d C:\Users\HA VAN DAT\.gradle\caches\8.10.2\transforms\1d92e6a65fc7ae463203ab81a661a3b8-99eb6ef3-4d19-4d35-b13b-d4c649bb2d2b\transformed\output\temp C:\Users\HA VAN DAT\.gradle\caches\8.10.2\transforms\1d92e6a65fc7ae463203ab81a661a3b8-99eb6ef3-4d19-4d35-b13b-d4c649bb2d2b\transformed\output\temp\module-info.java
java_class_path (initial): <not set>
Launcher Type: SUN_STANDARD

[Global flags]
     intx CICompilerCount                          = 3                                         {product} {ergonomic}
     uint ConcGCThreads                            = 1                                         {product} {ergonomic}
     uint G1ConcRefinementThreads                  = 4                                         {product} {ergonomic}
   size_t G1HeapRegionSize                         = 2097152                                   {product} {ergonomic}
    uintx GCDrainStackTargetSize                   = 64                                        {product} {ergonomic}
   size_t InitialHeapSize                          = 8388608                                   {product} {command line}
   size_t MarkStackSize                            = 4194304                                   {product} {ergonomic}
   size_t MaxHeapSize                              = 2652897280                                {product} {ergonomic}
   size_t MaxNewSize                               = 1591738368                                {product} {ergonomic}
   size_t MinHeapDeltaBytes                        = 2097152                                   {product} {ergonomic}
   size_t MinHeapSize                              = 8388608                                   {product} {command line}
    uintx NonNMethodCodeHeapSize                   = 5832780                                {pd product} {ergonomic}
    uintx NonProfiledCodeHeapSize                  = 122912730                              {pd product} {ergonomic}
    uintx ProfiledCodeHeapSize                     = 122912730                              {pd product} {ergonomic}
    uintx ReservedCodeCacheSize                    = 251658240                              {pd product} {ergonomic}
     bool SegmentedCodeCache                       = true                                      {product} {ergonomic}
   size_t SoftMaxHeapSize                          = 2652897280                             {manageable} {ergonomic}
     bool UseCompressedOops                        = true                           {product lp64_product} {ergonomic}
     bool UseG1GC                                  = true                                      {product} {ergonomic}
     bool UseLargePagesIndividualAllocation        = false                                  {pd product} {ergonomic}

Logging:
Log output configuration:
 #0: stdout all=warning uptime,level,tags foldmultilines=false
 #1: stderr all=off uptime,level,tags foldmultilines=false

Environment Variables:
JAVA_HOME=C:\Program Files\Common Files\Oracle
PATH=C:\Program Files\Common Files\Oracle\Java\javapath;C:\WINDOWS\system32;C:\WINDOWS;C:\WINDOWS\System32\Wbem;C:\WINDOWS\System32\WindowsPowerShell\v1.0\;C:\WINDOWS\System32\OpenSSH\;E:\Dev-Cpp\MinGW64\bin;C:\Program Files (x86)\Microsoft SQL Server\160\Tools\Binn\;C:\Program Files\Microsoft SQL Server\160\Tools\Binn\;C:\Program Files\Microsoft SQL Server\Client SDK\ODBC\170\Tools\Binn\;C:\Program Files\Microsoft SQL Server\160\DTS\Binn\;C:\Program Files\Azure Data Studio\bin;C:\Program Files (x86)\Microsoft SQL Server\160\DTS\Binn\;C:\Program Files\nodejs\;C:\Program Files\Microsoft SQL Server\150\Tools\Binn\;E:\Git\cmd;E:\xampp\php;E:\Laravel;C:\composer;E:\SDK\emulator;C:\Program Files\dotnet\;C:\Users\HA VAN DAT\AppData\Local\Programs\Python\Python313\python.exe;C:\Users\HA VAN DAT\AppData\Local\Programs\Python\Python313\Scripts\pip.exe;E:\NoiLuuPython\Scripts\;E:\NoiLuuPython\;C:\Users\HA VAN DAT\AppData\Local\Programs\Python\Launcher\;C:\Users\HA VAN DAT\AppData\Local\Programs\Python\Python313\Scripts\;C:\Users\HA VAN DAT\AppData\Local\Programs\Python\Python313\;E:\Nõi lýu python\Scripts\;E:\Nõi lýu python\;E:\HocPython\Scripts\;E:\HocPython\;C:\Users\HA VAN DAT\AppData\Local\Microsoft\WindowsApps;C:\Program Files\Azure Data Studio\bin;C:\Users\HA VAN DAT\AppData\Roaming\npm;E:\HocPython\Nõi lýu file Cài ð?t Python\PyCharm Community Edition 2024.1.4\bin;;C:\Users\HA VAN DAT\.dotnet\tools;C:\Users\HA VAN DAT\AppData\Roaming\Composer\vendor\bin;E:\IntelliJ IDEA\IntelliJ IDEA Community Edition 2024.3.3\bin;;C:\Users\HA VAN DAT\AppData\Local\Programs\Microsoft VS Code\bin
USERNAME=HA VAN DAT
OS=Windows_NT
PROCESSOR_IDENTIFIER=AMD64 Family 23 Model 24 Stepping 1, AuthenticAMD
TMP=C:\Users\HAVAND~1\AppData\Local\Temp
TEMP=C:\Users\HAVAND~1\AppData\Local\Temp




Periodic native trim disabled

JNI global refs:
JNI global refs: 8, weak refs: 0

JNI global refs memory usage: 835, weak refs: 201

Process memory usage:
Resident Set Size: 47772K (0% of 10359048K total physical memory with 280464K free physical memory)

OOME stack traces (most recent first):
Classloader memory used:
Loader bootstrap                                                                       : 7767K
Loader jdk.internal.loader.ClassLoaders$AppClassLoader                                 : 1433K
Loader jdk.internal.loader.ClassLoaders$PlatformClassLoader                            : 169K

---------------  S Y S T E M  ---------------

OS:
 Windows 11 , 64 bit Build 22621 (10.0.22621.5124)
OS uptime: 0 days 22:13 hours

CPU: total 4 (initial active 4) (4 cores per cpu, 2 threads per core) family 23 model 24 stepping 1 microcode 0x0, cx8, cmov, fxsr, ht, mmx, 3dnowpref, sse, sse2, sse3, ssse3, sse4a, sse4.1, sse4.2, popcnt, lzcnt, tsc, tscinvbit, avx, avx2, aes, clmul, bmi1, bmi2, adx, sha, fma, vzeroupper, clflush, clflushopt, rdtscp, f16c
Processor Information for all 4 processors :
  Max Mhz: 2600, Current Mhz: 2600, Mhz Limit: 2600

Memory: 4k page, system-wide physical 10116M (273M free)
TotalPageFile size 16198M (AvailPageFile size 13M)
current process WorkingSet (physical memory assigned to process): 46M, peak: 46M
current process commit charge ("private bytes"): 79M, peak: 80M

vm_info: OpenJDK 64-Bit Server VM (21.0.5+-13047016-b750.29) for windows-amd64 JRE (21.0.5+-13047016-b750.29), built on 2025-02-11T21:12:39Z by "builder" with MS VC++ 16.10 / 16.11 (VS2019)

END.
